Component: ARM Compiler 5.06 update 1 (build 61) Tool: armlink [4d35a8]

==============================================================================

Section Cross References

    main.o(i.USART6_IRQHandler) refers to tim2_delay.o(i.TIM2Reset) for TIM2Reset
    main.o(i.USART6_IRQHandler) refers to main.o(.data) for TxChar
    main.o(i.main) refers to gpio_driver.o(i.GPIOInitPin) for GPIOInitPin
    main.o(i.main) refers to tim2_delay.o(i.DelayInit) for DelayInit
    main.o(i.main) refers to uart6_driver.o(i.UART6_Init) for UART6_Init
    main.o(i.main) refers to glcd_746g_discovery.o(i.GLCD_Initialize) for GLCD_Initialize
    main.o(i.main) refers to glcd_746g_discovery.o(i.GLCD_SetBackgroundColor) for GLCD_SetBackgroundColor
    main.o(i.main) refers to glcd_746g_discovery.o(i.GLCD_ClearScreen) for GLCD_ClearScreen
    main.o(i.main) refers to glcd_746g_discovery.o(i.GLCD_SetForegroundColor) for GLCD_SetForegroundColor
    main.o(i.main) refers to glcd_746g_discovery.o(i.GLCD_SetFont) for GLCD_SetFont
    main.o(i.main) refers to glcd_driver.o(i.ButtonDimensionsInit) for ButtonDimensionsInit
    main.o(i.main) refers to touch_746g_discovery.o(i.Touch_Initialize) for Touch_Initialize
    main.o(i.main) refers to glcd_driver.o(i.RefreshDisplay) for RefreshDisplay
    main.o(i.main) refers to touch_746g_discovery.o(i.Touch_GetState) for Touch_GetState
    main.o(i.main) refers to glcd_driver.o(i.GetTouchPositionFlags) for GetTouchPositionFlags
    main.o(i.main) refers to tx_control.o(i.Send_Byte) for Send_Byte
    main.o(i.main) refers to glcd_driver.o(i.SelectButton) for SelectButton
    main.o(i.main) refers to tx_control.o(i.SendFileTransferCmd) for SendFileTransferCmd
    main.o(i.main) refers to uart6_driver.o(i.ReceiveFile) for ReceiveFile
    main.o(i.main) refers to tim2_delay.o(i.TIM2Delay) for TIM2Delay
    main.o(i.main) refers to glcd_fonts.o(.constdata) for GLCD_Font_16x24
    main.o(i.main) refers to main.o(.data) for tsc_state
    main.o(i.main) refers to glcd_driver.o(.data) for RefreshDisplayFlag
    main.o(i.main) refers to main.o(.bss) for FileArr
    gpio_driver.o(i.GPIOInitPin) refers to rt_memcpy_w.o(.text) for __aeabi_memcpy4
    gpio_driver.o(i.GPIOInitPin) refers to gpio_driver.o(.constdata) for .constdata
    gpio_driver.o(i.GPIOSetPinValue) refers to rt_memcpy_w.o(.text) for __aeabi_memcpy4
    gpio_driver.o(i.GPIOSetPinValue) refers to gpio_driver.o(.constdata) for .constdata
    tx_control.o(i.SendFileTransferCmd) refers to rt_memcpy_w.o(.text) for __aeabi_memcpy4
    tx_control.o(i.SendFileTransferCmd) refers to tx_control.o(i.Send_Byte) for Send_Byte
    tx_control.o(i.SendFileTransferCmd) refers to tim2_delay.o(i.TIM2Delay) for TIM2Delay
    tx_control.o(i.SendStartWord) refers to tim2_delay.o(i.TIM2Delay) for TIM2Delay
    tx_control.o(i.Send_Byte) refers to tx_control.o(i.SendStartWord) for SendStartWord
    tx_control.o(i.Send_Byte) refers to tim2_delay.o(i.TIM2Delay) for TIM2Delay
    uart6_driver.o(i.ReceiveFile) refers to main.o(.data) for UARTRxFlag
    uart6_driver.o(i.ReceiveFile) refers to main.o(.bss) for FileArr
    uart6_driver.o(i.UART6_Init) refers to gpio_driver.o(i.GPIOInitPin) for GPIOInitPin
    glcd_driver.o(i.ButtonDimensionsInit) refers to glcd_driver.o(.data) for Button1
    glcd_driver.o(i.GetTouchPositionFlags) refers to glcd_driver.o(.data) for RefreshDisplayFlag
    glcd_driver.o(i.GetTouchPositionFlags) refers to main.o(.data) for tsc_state
    glcd_driver.o(i.RefreshDisplay) refers to glcd_746g_discovery.o(i.GLCD_ClearScreen) for GLCD_ClearScreen
    glcd_driver.o(i.RefreshDisplay) refers to glcd_746g_discovery.o(i.GLCD_DrawRectangle) for GLCD_DrawRectangle
    glcd_driver.o(i.RefreshDisplay) refers to glcd_746g_discovery.o(i.GLCD_DrawString) for GLCD_DrawString
    glcd_driver.o(i.RefreshDisplay) refers to glcd_driver.o(.data) for Button1
    glcd_driver.o(i.SelectButton) refers to rt_memcpy_w.o(.text) for __aeabi_memcpy4
    glcd_driver.o(i.SelectButton) refers to glcd_driver.o(i.RefreshDisplay) for RefreshDisplay
    glcd_driver.o(i.SelectButton) refers to glcd_746g_discovery.o(i.GLCD_DrawRectangle) for GLCD_DrawRectangle
    glcd_driver.o(i.SelectButton) refers to glcd_driver.o(.constdata) for .constdata
    glcd_driver.o(.constdata) refers to glcd_driver.o(.data) for Button1
    ft5336.o(i.ft5336_Get_I2C_InitializedStatus) refers to ft5336.o(.data) for ft5336_handle
    ft5336.o(i.ft5336_I2C_InitializeIfRequired) refers to ft5336.o(i.ft5336_Get_I2C_InitializedStatus) for ft5336_Get_I2C_InitializedStatus
    ft5336.o(i.ft5336_I2C_InitializeIfRequired) refers to stm32746g_discovery.o(i.TS_IO_Init) for TS_IO_Init
    ft5336.o(i.ft5336_I2C_InitializeIfRequired) refers to ft5336.o(.data) for ft5336_handle
    ft5336.o(i.ft5336_Init) refers to stm32746g_discovery.o(i.TS_IO_Delay) for TS_IO_Delay
[...]
    ../clib/signal.c                         0x00000000   Number         0  defsig_other.o ABSOLUTE
    ../clib/signal.c                         0x00000000   Number         0  defsig_segv_inner.o ABSOLUTE
    ../clib/signal.c                         0x00000000   Number         0  defsig_cppl_inner.o ABSOLUTE
    ../clib/signal.c                         0x00000000   Number         0  defsig_pvfn_inner.o ABSOLUTE
    ../clib/signal.c                         0x00000000   Number         0  defsig_stak_inner.o ABSOLUTE
    ../clib/signal.c                         0x00000000   Number         0  defsig_rtmem_formal.o ABSOLUTE
    ../clib/signal.c                         0x00000000   Number         0  defsig_fpe_formal.o ABSOLUTE
    ../clib/signal.c                         0x00000000   Number         0  defsig_fpe_outer.o ABSOLUTE
    ../clib/signal.s                         0x00000000   Number         0  defsig.o ABSOLUTE
    ../clib/stdlib.c                         0x00000000   Number         0  exit.o ABSOLUTE
    ../fplib/fpinit.s                        0x00000000   Number         0  fpinit.o ABSOLUTE
    C:\Keil_v5\ARM\PACK\Keil\STM32F7xx_DFP\2.11.0\Drivers\BSP\Components\ft5336\ft5336.c 0x00000000   Number         0  ft5336.o ABSOLUTE
    C:\Keil_v5\ARM\PACK\Keil\STM32F7xx_DFP\2.11.0\Drivers\BSP\STM32746G-Discovery\stm32746g_discovery.c 0x00000000   Number         0  stm32746g_discovery.o ABSOLUTE
    C:\Keil_v5\ARM\PACK\Keil\STM32F7xx_DFP\2.11.0\Drivers\BSP\STM32746G-Discovery\stm32746g_discovery_sdram.c 0x00000000   Number         0  stm32746g_discovery_sdram.o ABSOLUTE
    C:\Keil_v5\ARM\PACK\Keil\STM32F7xx_DFP\2.11.0\Drivers\BSP\STM32746G-Discovery\stm32746g_discovery_ts.c 0x00000000   Number         0  stm32746g_discovery_ts.o ABSOLUTE
    C:\Keil_v5\ARM\PACK\Keil\STM32F7xx_DFP\2.11.0\Drivers\STM32F7xx_HAL_Driver\Src\stm32f7xx_hal.c 0x00000000   Number         0  stm32f7xx_hal.o ABSOLUTE
    C:\Keil_v5\ARM\PACK\Keil\STM32F7xx_DFP\2.11.0\Drivers\STM32F7xx_HAL_Driver\Src\stm32f7xx_hal_adc.c 0x00000000   Number         0  stm32f7xx_hal_adc.o ABSOLUTE
    C:\Keil_v5\ARM\PACK\Keil\STM32F7xx_DFP\2.11.0\Drivers\STM32F7xx_HAL_Driver\Src\stm32f7xx_hal_adc_ex.c 0x00000000   Number         0  stm32f7xx_hal_adc_ex.o ABSOLUTE
    C:\Keil_v5\ARM\PACK\Keil\STM32F7xx_DFP\2.11.0\Drivers\STM32F7xx_HAL_Driver\Src\stm32f7xx_hal_cortex.c 0x00000000   Number         0  stm32f7xx_hal_cortex.o ABSOLUTE
    C:\Keil_v5\ARM\PACK\Keil\STM32F7xx_DFP\2.11.0\Drivers\STM32F7xx_HAL_Driver\Src\stm32f7xx_hal_dma.c 0x00000000   Number         0  stm32f7xx_hal_dma.o ABSOLUTE
    C:\Keil_v5\ARM\PACK\Keil\STM32F7xx_DFP\2.11.0\Drivers\STM32F7xx_HAL_Driver\Src\stm32f7xx_hal_dma_ex.c 0x00000000   Number         0  stm32f7xx_hal_dma_ex.o ABSOLUTE
    C:\Keil_v5\ARM\PACK\Keil\STM32F7xx_DFP\2.11.0\Drivers\STM32F7xx_HAL_Driver\Src\stm32f7xx_hal_gpio.c 0x00000000   Number         0  stm32f7xx_hal_gpio.o ABSOLUTE
    C:\Keil_v5\ARM\PACK\Keil\STM32F7xx_DFP\2.11.0\Drivers\STM32F7xx_HAL_Driver\Src\stm32f7xx_hal_i2c.c 0x00000000   Number         0  stm32f7xx_hal_i2c.o ABSOLUTE
    C:\Keil_v5\ARM\PACK\Keil\STM32F7xx_DFP\2.11.0\Drivers\STM32F7xx_HAL_Driver\Src\stm32f7xx_hal_i2c_ex.c 0x00000000   Number         0  stm32f7xx_hal_i2c_ex.o ABSOLUTE
    C:\Keil_v5\ARM\PACK\Keil\STM32F7xx_DFP\2.11.0\Drivers\STM32F7xx_HAL_Driver\Src\stm32f7xx_hal_ltdc.c 0x00000000   Number         0  stm32f7xx_hal_ltdc.o ABSOLUTE
    C:\Keil_v5\ARM\PACK\Keil\STM32F7xx_DFP\2.11.0\Drivers\STM32F7xx_HAL_Driver\Src\stm32f7xx_hal_ltdc_ex.c 0x00000000   Number         0  stm32f7xx_hal_ltdc_ex.o ABSOLUTE
    C:\Keil_v5\ARM\PACK\Keil\STM32F7xx_DFP\2.11.0\Drivers\STM32F7xx_HAL_Driver\Src\stm32f7xx_hal_pwr.c 0x00000000   Number         0  stm32f7xx_hal_pwr.o ABSOLUTE
    C:\Keil_v5\ARM\PACK\Keil\STM32F7xx_DFP\2.11.0\Drivers\STM32F7xx_HAL_Driver\Src\stm32f7xx_hal_pwr_ex.c 0x00000000   Number         0  stm32f7xx_hal_pwr_ex.o ABSOLUTE
    C:\Keil_v5\ARM\PACK\Keil\STM32F7xx_DFP\2.11.0\Drivers\STM32F7xx_HAL_Driver\Src\stm32f7xx_hal_rcc.c 0x00000000   Number         0  stm32f7xx_hal_rcc.o ABSOLUTE
    C:\Keil_v5\ARM\PACK\Keil\STM32F7xx_DFP\2.11.0\Drivers\STM32F7xx_HAL_Driver\Src\stm32f7xx_hal_rcc_ex.c 0x00000000   Number         0  stm32f7xx_hal_rcc_ex.o ABSOLUTE
    C:\Keil_v5\ARM\PACK\Keil\STM32F7xx_DFP\2.11.0\Drivers\STM32F7xx_HAL_Driver\Src\stm32f7xx_hal_sdram.c 0x00000000   Number         0  stm32f7xx_hal_sdram.o ABSOLUTE
    C:\Keil_v5\ARM\PACK\Keil\STM32F7xx_DFP\2.11.0\Drivers\STM32F7xx_HAL_Driver\Src\stm32f7xx_hal_uart.c 0x00000000   Number         0  stm32f7xx_hal_uart.o ABSOLUTE
    C:\Keil_v5\ARM\PACK\Keil\STM32F7xx_DFP\2.11.0\Drivers\STM32F7xx_HAL_Driver\Src\stm32f7xx_ll_fmc.c 0x00000000   Number         0  stm32f7xx_ll_fmc.o ABSOLUTE
    C:\Keil_v5\ARM\PACK\Keil\STM32F7xx_DFP\2.11.0\MDK\Boards\ST\STM32F746G_Discovery\Common\GLCD_746G_Discovery.c 0x00000000   Number         0  glcd_746g_discovery.o ABSOLUTE
    C:\Keil_v5\ARM\PACK\Keil\STM32F7xx_DFP\2.11.0\MDK\Boards\ST\STM32F746G_Discovery\Common\GLCD_Fonts.c 0x00000000   Number         0  glcd_fonts.o ABSOLUTE
    C:\Keil_v5\ARM\PACK\Keil\STM32F7xx_DFP\2.11.0\MDK\Boards\ST\STM32F746G_Discovery\Common\Touch_746G_Discovery.c 0x00000000   Number         0  touch_746g_discovery.o ABSOLUTE
    C:\\Keil_v5\\ARM\\PACK\\Keil\\STM32F7xx_DFP\\2.11.0\\Drivers\\BSP\\STM32746G-Discovery\\stm32746g_discovery.c 0x00000000   Number         0  stm32746g_discovery.o ABSOLUTE
    C:\\Keil_v5\\ARM\\PACK\\Keil\\STM32F7xx_DFP\\2.11.0\\Drivers\\BSP\\STM32746G-Discovery\\stm32746g_discovery_sdram.c 0x00000000   Number         0  stm32746g_discovery_sdram.o ABSOLUTE
    C:\\Keil_v5\\ARM\\PACK\\Keil\\STM32F7xx_DFP\\2.11.0\\Drivers\\BSP\\STM32746G-Discovery\\stm32746g_discovery_ts.c 0x00000000   Number         0  stm32746g_discovery_ts.o ABSOLUTE
    C:\\Keil_v5\\ARM\\PACK\\Keil\\STM32F7xx_DFP\\2.11.0\\Drivers\\STM32F7xx_HAL_Driver\\Src\\stm32f7xx_hal.c 0x00000000   Number         0  stm32f7xx_hal.o ABSOLUTE
    C:\\Keil_v5\\ARM\\PACK\\Keil\\STM32F7xx_DFP\\2.11.0\\Drivers\\STM32F7xx_HAL_Driver\\Src\\stm32f7xx_hal_adc.c 0x00000000   Number         0  stm32f7xx_hal_adc.o ABSOLUTE
    C:\\Keil_v5\\ARM\\PACK\\Keil\\STM32F7xx_DFP\\2.11.0\\Drivers\\STM32F7xx_HAL_Driver\\Src\\stm32f7xx_hal_adc_ex.c 0x00000000   Number         0  stm32f7xx_hal_adc_ex.o ABSOLUTE
    C:\\Keil_v5\\ARM\\PACK\\Keil\\STM32F7xx_DFP\\2.11.0\\Drivers\\STM32F7xx_HAL_Driver\\Src\\stm32f7xx_hal_cortex.c 0x00000000   Number         0  stm32f7xx_hal_cortex.o ABSOLUTE
    C:\\Keil_v5\\ARM\\PACK\\Keil\\STM32F7xx_DFP\\2.11.0\\Drivers\\STM32F7xx_HAL_Driver\\Src\\stm32f7xx_hal_dma.c 0x00000000   Number         0  stm32f7xx_hal_dma.o ABSOLUTE
    C:\\Keil_v5\\ARM\\PACK\\Keil\\STM32F7xx_DFP\\2.11.0\\Drivers\\STM32F7xx_HAL_Driver\\Src\\stm32f7xx_hal_dma_ex.c 0x00000000   Number         0  stm32f7xx_hal_dma_ex.o ABSOLUTE
    C:\\Keil_v5\\ARM\\PACK\\Keil\\STM32F7xx_DFP\\2.11.0\\Drivers\\STM32F7xx_HAL_Driver\\Src\\stm32f7xx_hal_gpio.c 0x00000000   Number         0  stm32f7xx_hal_gpio.o ABSOLUTE
    C:\\Keil_v5\\ARM\\PACK\\Keil\\STM32F7xx_DFP\\2.11.0\\Drivers\\STM32F7xx_HAL_Driver\\Src\\stm32f7xx_hal_i2c.c 0x00000000   Number         0  stm32f7xx_hal_i2c.o ABSOLUTE
    C:\\Keil_v5\\ARM\\PACK\\Keil\\STM32F7xx_DFP\\2.11.0\\Drivers\\STM32F7xx_HAL_Driver\\Src\\stm32f7xx_hal_i2c_ex.c 0x00000000   Number         0  stm32f7xx_hal_i2c_ex.o ABSOLUTE
    C:\\Keil_v5\\ARM\\PACK\\Keil\\STM32F7xx_DFP\\2.11.0\\Drivers\\STM32F7xx_HAL_Driver\\Src\\stm32f7xx_hal_ltdc.c 0x00000000   Number         0  stm32f7xx_hal_ltdc.o ABSOLUTE
    C:\\Keil_v5\\ARM\\PACK\\Keil\\STM32F7xx_DFP\\2.11.0\\Drivers\\STM32F7xx_HAL_Driver\\Src\\stm32f7xx_hal_ltdc_ex.c 0x00000000   Number         0  stm32f7xx_hal_ltdc_ex.o ABSOLUTE
    C:\\Keil_v5\\ARM\\PACK\\Keil\\STM32F7xx_DFP\\2.11.0\\Drivers\\STM32F7xx_HAL_Driver\\Src\\stm32f7xx_hal_pwr.c 0x00000000   Number         0  stm32f7xx_hal_pwr.o ABSOLUTE
    C:\\Keil_v5\\ARM\\PACK\\Keil\\STM32F7xx_DFP\\2.11.0\\Drivers\\STM32F7xx_HAL_Driver\\Src\\stm32f7xx_hal_pwr_ex.c 0x00000000   Number         0  stm32f7xx_hal_pwr_ex.o ABSOLUTE
    C:\\Keil_v5\\ARM\\PACK\\Keil\\STM32F7xx_DFP\\2.11.0\\Drivers\\STM32F7xx_HAL_Driver\\Src\\stm32f7xx_hal_rcc.c 0x00000000   Number         0  stm32f7xx_hal_rcc.o ABSOLUTE
    C:\\Keil_v5\\ARM\\PACK\\Keil\\STM32F7xx_DFP\\2.11.0\\Drivers\\STM32F7xx_HAL_Driver\\Src\\stm32f7xx_hal_rcc_ex.c 0x00000000   Number         0  stm32f7xx_hal_rcc_ex.o ABSOLUTE
    C:\\Keil_v5\\ARM\\PACK\\Keil\\STM32F7xx_DFP\\2.11.0\\Drivers\\STM32F7xx_HAL_Driver\\Src\\stm32f7xx_hal_sdram.c 0x00000000   Number         0  stm32f7xx_hal_sdram.o ABSOLUTE
    C:\\Keil_v5\\ARM\\PACK\\Keil\\STM32F7xx_DFP\\2.11.0\\Drivers\\STM32F7xx_HAL_Driver\\Src\\stm32f7xx_hal_uart.c 0x00000000   Number         0  stm32f7xx_hal_uart.o ABSOLUTE
    C:\\Keil_v5\\ARM\\PACK\\Keil\\STM32F7xx_DFP\\2.11.0\\Drivers\\STM32F7xx_HAL_Driver\\Src\\stm32f7xx_ll_fmc.c 0x00000000   Number         0  stm32f7xx_ll_fmc.o ABSOLUTE
    C:\\Keil_v5\\ARM\\PACK\\Keil\\STM32F7xx_DFP\\2.11.0\\MDK\\Boards\\ST\\STM32F746G_Discovery\\Common\\GLCD_746G_Discovery.c 0x00000000   Number         0  glcd_746g_discovery.o ABSOLUTE
    C:\\Keil_v5\\ARM\\PACK\\Keil\\STM32F7xx_DFP\\2.11.0\\MDK\\Boards\\ST\\STM32F746G_Discovery\\Common\\Touch_746G_Discovery.c 0x00000000   Number         0  touch_746g_discovery.o ABSOLUTE
    GLCD_Driver.c                            0x00000000   Number         0  glcd_driver.o ABSOLUTE
    GPIO_Driver.c                            0x00000000   Number         0  gpio_driver.o ABSOLUTE
    GPIO_Driver.c                            0x00000000   Number         0  gpio_driver.o ABSOLUTE
    RTE\Device\STM32F746NGHx\startup_stm32f746xx.s 0x00000000   Number         0  startup_stm32f746xx.o ABSOLUTE
    RTE\Device\STM32F746NGHx\system_stm32f7xx.c 0x00000000   Number         0  system_stm32f7xx.o ABSOLUTE
    RTE\\Device\\STM32F746NGHx\\system_stm32f7xx.c 0x00000000   Number         0  system_stm32f7xx.o ABSOLUTE
    Tim2_Delay.c                             0x00000000   Number         0  tim2_delay.o ABSOLUTE
    Tim2_Delay.c                             0x00000000   Number         0  tim2_delay.o ABSOLUTE
    Tx_Control.c                             0x00000000   Number         0  tx_control.o ABSOLUTE
    Tx_Control.c                             0x00000000   Number         0  tx_control.o ABSOLUTE
    UART6_Driver.c                           0x00000000   Number         0  uart6_driver.o ABSOLUTE
    UART6_Driver.c                           0x00000000   Number         0  uart6_driver.o ABSOLUTE
    dc.s                                     0x00000000   Number         0  dc.o ABSOLUTE
    main.c                                   0x00000000   Number         0  main.o ABSOLUTE
    main.c                                   0x00000000   Number         0  main.o ABSOLUTE
    RESET                                    0x08000000   Section      456  startup_stm32f746xx.o(RESET)
    !!!main                                  0x080001c8   Section        8  __main.o(!!!main)
    !!!scatter                               0x080001d0   Section       52  __scatter.o(!!!scatter)
    !!handler_copy                           0x08000204   Section       26  __scatter_copy.o(!!handler_copy)
    !!handler_zi                             0x08000220   Section       28  __scatter_zi.o(!!handler_zi)
    .ARM.Collect$$libinit$$00000000          0x0800023c   Section        2  libinit.o(.ARM.Collect$$libinit$$00000000)
    .ARM.Collect$$libinit$$00000001          0x0800023e   Section        4  libinit2.o(.ARM.Collect$$libinit$$00000001)
    .ARM.Collect$$libinit$$00000004          0x08000242   Section        0  libinit2.o(.ARM.Collect$$libinit$$00000004)
    .ARM.Collect$$libinit$$0000000A          0x08000242   Section        0  libinit2.o(.ARM.Collect$$libinit$$0000000A)
    .ARM.Collect$$libinit$$0000000C          0x08000242   Section        0  libinit2.o(.ARM.Collect$$libinit$$0000000C)
    .ARM.Collect$$libinit$$0000000E          0x08000242   Section        0  libinit2.o(.ARM.Collect$$libinit$$0000000E)
    .ARM.Collect$$libinit$$00000011          0x08000242   Section        0  libinit2.o(.ARM.Collect$$libinit$$00000011)
    .ARM.Collect$$libinit$$00000013          0x08000242   Section        0  libinit2.o(.ARM.Collect$$libinit$$00000013)
    .ARM.Collect$$libinit$$00000015          0x08000242   Section        0  libinit2.o(.ARM.Collect$$libinit$$00000015)
    .ARM.Collect$$libinit$$00000017          0x08000242   Section        0  libinit2.o(.ARM.Collect$$libinit$$00000017)
    .ARM.Collect$$libinit$$00000019          0x08000242   Section        0  libinit2.o(.ARM.Collect$$libinit$$00000019)
    .ARM.Collect$$libinit$$0000001B          0x08000242   Section        0  libinit2.o(.ARM.Collect$$libinit$$0000001B)
    .ARM.Collect$$libinit$$0000001D          0x08000242   Section        0  libinit2.o(.ARM.Collect$$libinit$$0000001D)
    .ARM.Collect$$libinit$$0000001F          0x08000242   Section        0  libinit2.o(.ARM.Collect$$libinit$$0000001F)
    .ARM.Collect$$libinit$$00000021          0x08000242   Section        0  libinit2.o(.ARM.Collect$$libinit$$00000021)
    .ARM.Collect$$libinit$$00000023          0x08000242   Section        0  libinit2.o(.ARM.Collect$$libinit$$00000023)
    .ARM.Collect$$libinit$$00000025          0x08000242   Section        0  libinit2.o(.ARM.Collect$$libinit$$00000025)
    .ARM.Collect$$libinit$$0000002C          0x08000242   Section        0  libinit2.o(.ARM.Collect$$libinit$$0000002C)
    .ARM.Collect$$libinit$$0000002E          0x08000242   Section        0  libinit2.o(.ARM.Collect$$libinit$$0000002E)
    .ARM.Collect$$libinit$$00000030          0x08000242   Section        0  libinit2.o(.ARM.Collect$$libinit$$00000030)
    .ARM.Collect$$libinit$$00000032          0x08000242   Section        0  libinit2.o(.ARM.Collect$$libinit$$00000032)
    .ARM.Collect$$libinit$$00000033          0x08000242   Section        2  libinit2.o(.ARM.Collect$$libinit$$00000033)
    .ARM.Collect$$libshutdown$$00000000      0x08000244   Section        2  libshutdown.o(.ARM.Collect$$libshutdown$$00000000)
    .ARM.Collect$$libshutdown$$00000002      0x08000246   Section        0  libshutdown2.o(.ARM.Collect$$libshutdown$$00000002)
    .ARM.Collect$$libshutdown$$00000004      0x08000246   Section        0  libshutdown2.o(.ARM.Collect$$libshutdown$$00000004)
    .ARM.Collect$$libshutdown$$00000007      0x08000246   Section        0  libshutdown2.o(.ARM.Collect$$libshutdown$$00000007)
    .ARM.Collect$$libshutdown$$0000000A      0x08000246   Section        0  libshutdown2.o(.ARM.Collect$$libshutdown$$0000000A)
    .ARM.Collect$$libshutdown$$0000000C      0x08000246   Section        0  libshutdown2.o(.ARM.Collect$$libshutdown$$0000000C)
    .ARM.Collect$$libshutdown$$0000000F      0x08000246   Section        0  libshutdown2.o(.ARM.Collect$$libshutdown$$0000000F)
    .ARM.Collect$$libshutdown$$00000010      0x08000246   Section        2  libshutdown2.o(.ARM.Collect$$libshutdown$$00000010)
    .ARM.Collect$$rtentry$$00000000          0x08000248   Section        0  __rtentry.o(.ARM.Collect$$rtentry$$00000000)
    .ARM.Collect$$rtentry$$00000002          0x08000248   Section        0  __rtentry2.o(.ARM.Collect$$rtentry$$00000002)
    .ARM.Collect$$rtentry$$00000004          0x08000248   Section        6  __rtentry4.o(.ARM.Collect$$rtentry$$00000004)
    .ARM.Collect$$rtentry$$00000009          0x0800024e   Section        0  __rtentry2.o(.ARM.Collect$$rtentry$$00000009)
    .ARM.Collect$$rtentry$$0000000A          0x0800024e   Section        4  __rtentry2.o(.ARM.Collect$$rtentry$$0000000A)
    .ARM.Collect$$rtentry$$0000000C          0x08000252   Section        0  __rtentry2.o(.ARM.Collect$$rtentry$$0000000C)
    .ARM.Collect$$rtentry$$0000000D          0x08000252   Section        8  __rtentry2.o(.ARM.Collect$$rtentry$$0000000D)
    .ARM.Collect$$rtexit$$00000000           0x0800025a   Section        2  rtexit.o(.ARM.Collect$$rtexit$$00000000)
    .ARM.Collect$$rtexit$$00000002           0x0800025c   Section        0  rtexit2.o(.ARM.Collect$$rtexit$$00000002)
    .ARM.Collect$$rtexit$$00000003           0x0800025c   Section        4  rtexit2.o(.ARM.Collect$$rtexit$$00000003)
    .ARM.Collect$$rtexit$$00000004           0x08000260   Section        6  rtexit2.o(.ARM.Collect$$rtexit$$00000004)
    .text                                    0x08000268   Section       64  startup_stm32f746xx.o(.text)
    $v0                                      0x08000268   Number         0  startup_stm32f746xx.o(.text)
    .text                                    0x080002a8   Section      100  rt_memcpy_w.o(.text)
    .text                                    0x0800030c   Section        0  heapauxi.o(.text)
    .text                                    0x08000312   Section       74  sys_stackheap_outer.o(.text)
    .text                                    0x0800035c   Section        0  exit.o(.text)
    .text                                    0x08000370   Section        8  libspace.o(.text)
    .text                                    0x08000378   Section        0  sys_exit.o(.text)
    .text                                    0x08000384   Section        2  use_no_semi.o(.text)
    .text                                    0x08000386   Section        0  indicate_semi.o(.text)
    i.BSP_SDRAM_Init                         0x08000388   Section        0  stm32746g_discovery_sdram.o(i.BSP_SDRAM_Init)
    i.BSP_SDRAM_Initialization_sequence      0x08000414   Section        0  stm32746g_discovery_sdram.o(i.BSP_SDRAM_Initialization_sequence)
    i.BSP_SDRAM_MspInit                      0x080004ac   Section        0  stm32746g_discovery_sdram.o(i.BSP_SDRAM_MspInit)
    i.BSP_TS_GetState                        0x08000674   Section        0  stm32746g_discovery_ts.o(i.BSP_TS_GetState)
    i.BSP_TS_Get_GestureId                   0x080008a0   Section        0  stm32746g_discovery_ts.o(i.BSP_TS_Get_GestureId)
    i.BSP_TS_Init                            0x08000910   Section        0  stm32746g_discovery_ts.o(i.BSP_TS_Init)
    i.ButtonDimensionsInit                   0x08000974   Section        0  glcd_driver.o(i.ButtonDimensionsInit)
    i.DMA_CalcBaseAndBitshift                0x08000a00   Section        0  stm32f7xx_hal_dma.o(i.DMA_CalcBaseAndBitshift)
    DMA_CalcBaseAndBitshift                  0x08000a01   Thumb Code    46  stm32f7xx_hal_dma.o(i.DMA_CalcBaseAndBitshift)
    i.DMA_CheckFifoParam                     0x08000a34   Section        0  stm32f7xx_hal_dma.o(i.DMA_CheckFifoParam)
    DMA_CheckFifoParam                       0x08000a35   Thumb Code   170  stm32f7xx_hal_dma.o(i.DMA_CheckFifoParam)
    i.DelayInit                              0x08000ae0   Section        0  tim2_delay.o(i.DelayInit)
    i.FMC_SDRAM_Init                         0x08000b00   Section        0  stm32f7xx_ll_fmc.o(i.FMC_SDRAM_Init)
    i.FMC_SDRAM_ProgramRefreshRate           0x08000b74   Section        0  stm32f7xx_ll_fmc.o(i.FMC_SDRAM_ProgramRefreshRate)
    i.FMC_SDRAM_SendCommand                  0x08000b82   Section        0  stm32f7xx_ll_fmc.o(i.FMC_SDRAM_SendCommand)
    i.FMC_SDRAM_Timing_Init                  0x08000ba8   Section        0  stm32f7xx_ll_fmc.o(i.FMC_SDRAM_Timing_Init)
    i.GLCD_ClearScreen                       0x08000c44   Section        0  glcd_746g_discovery.o(i.GLCD_ClearScreen)
    i.GLCD_DrawChar                          0x08000c68   Section        0  glcd_746g_discovery.o(i.GLCD_DrawChar)
    i.GLCD_DrawHLine                         0x08000d40   Section        0  glcd_746g_discovery.o(i.GLCD_DrawHLine)
    i.GLCD_DrawRectangle                     0x08000d6c   Section        0  glcd_746g_discovery.o(i.GLCD_DrawRectangle)
    i.GLCD_DrawString                        0x08000da4   Section        0  glcd_746g_discovery.o(i.GLCD_DrawString)
    i.GLCD_DrawVLine                         0x08000dd0   Section        0  glcd_746g_discovery.o(i.GLCD_DrawVLine)
    i.GLCD_Initialize                        0x08000e00   Section        0  glcd_746g_discovery.o(i.GLCD_Initialize)
    i.GLCD_SetBackgroundColor                0x08001018   Section        0  glcd_746g_discovery.o(i.GLCD_SetBackgroundColor)
    i.GLCD_SetFont                           0x08001028   Section        0  glcd_746g_discovery.o(i.GLCD_SetFont)
    i.GLCD_SetForegroundColor                0x08001038   Section        0  glcd_746g_discovery.o(i.GLCD_SetForegroundColor)
    i.GPIOInitPin                            0x08001048   Section        0  gpio_driver.o(i.GPIOInitPin)
    i.GetTouchPositionFlags                  0x080010b8   Section        0  glcd_driver.o(i.GetTouchPositionFlags)
    i.HAL_DMA_DeInit                         0x08001294   Section        0  stm32f7xx_hal_dma.o(i.HAL_DMA_DeInit)
    i.HAL_DMA_Init                           0x08001304   Section        0  stm32f7xx_hal_dma.o(i.HAL_DMA_Init)
    i.HAL_Delay                              0x080013f0   Section        0  stm32f7xx_hal.o(i.HAL_Delay)
    i.HAL_GPIO_Init                          0x08001410   Section        0  stm32f7xx_hal_gpio.o(i.HAL_GPIO_Init)
    i.HAL_GPIO_WritePin                      0x08001628   Section        0  stm32f7xx_hal_gpio.o(i.HAL_GPIO_WritePin)
    i.HAL_GetTick                            0x08001634   Section        0  stm32f7xx_hal.o(i.HAL_GetTick)
    i.HAL_I2C_DeInit                         0x08001640   Section        0  stm32f7xx_hal_i2c.o(i.HAL_I2C_DeInit)
    i.HAL_I2C_GetState                       0x0800167c   Section        0  stm32f7xx_hal_i2c.o(i.HAL_I2C_GetState)
    i.HAL_I2C_Init                           0x08001684   Section        0  stm32f7xx_hal_i2c.o(i.HAL_I2C_Init)
    i.HAL_I2C_Mem_Read                       0x08001748   Section        0  stm32f7xx_hal_i2c.o(i.HAL_I2C_Mem_Read)
    i.HAL_I2C_Mem_Write                      0x08001904   Section        0  stm32f7xx_hal_i2c.o(i.HAL_I2C_Mem_Write)
    i.HAL_I2C_MspDeInit                      0x08001abc   Section        0  stm32f7xx_hal_i2c.o(i.HAL_I2C_MspDeInit)
    i.HAL_I2C_MspInit                        0x08001abe   Section        0  stm32f7xx_hal_i2c.o(i.HAL_I2C_MspInit)
    i.HAL_LTDC_ConfigLayer                   0x08001ac0   Section        0  stm32f7xx_hal_ltdc.o(i.HAL_LTDC_ConfigLayer)
    i.HAL_LTDC_Init                          0x08001b20   Section        0  stm32f7xx_hal_ltdc.o(i.HAL_LTDC_Init)
    i.HAL_LTDC_MspInit                       0x08001c48   Section        0  stm32f7xx_hal_ltdc.o(i.HAL_LTDC_MspInit)
    i.HAL_NVIC_EnableIRQ                     0x08001c4a   Section        0  stm32f7xx_hal_cortex.o(i.HAL_NVIC_EnableIRQ)
    i.HAL_NVIC_SetPriority                   0x08001c6a   Section        0  stm32f7xx_hal_cortex.o(i.HAL_NVIC_SetPriority)
    i.HAL_RCCEx_PeriphCLKConfig              0x08001ce8   Section        0  stm32f7xx_hal_rcc_ex.o(i.HAL_RCCEx_PeriphCLKConfig)
    i.HAL_SDRAM_Init                         0x080023c8   Section        0  stm32f7xx_hal_sdram.o(i.HAL_SDRAM_Init)
    i.HAL_SDRAM_MspInit                      0x08002408   Section        0  stm32f7xx_hal_sdram.o(i.HAL_SDRAM_MspInit)
    i.HAL_SDRAM_ProgramRefreshRate           0x0800240a   Section        0  stm32f7xx_hal_sdram.o(i.HAL_SDRAM_ProgramRefreshRate)
    i.HAL_SDRAM_SendCommand                  0x08002432   Section        0  stm32f7xx_hal_sdram.o(i.HAL_SDRAM_SendCommand)
    i.I2C_Flush_TXDR                         0x0800246c   Section        0  stm32f7xx_hal_i2c.o(i.I2C_Flush_TXDR)
    I2C_Flush_TXDR                           0x0800246d   Thumb Code    40  stm32f7xx_hal_i2c.o(i.I2C_Flush_TXDR)
    i.I2C_IsAcknowledgeFailed                0x08002494   Section        0  stm32f7xx_hal_i2c.o(i.I2C_IsAcknowledgeFailed)
    I2C_IsAcknowledgeFailed                  0x08002495   Thumb Code   136  stm32f7xx_hal_i2c.o(i.I2C_IsAcknowledgeFailed)
    i.I2C_RequestMemoryRead                  0x08002520   Section        0  stm32f7xx_hal_i2c.o(i.I2C_RequestMemoryRead)
    I2C_RequestMemoryRead                    0x08002521   Thumb Code   138  stm32f7xx_hal_i2c.o(i.I2C_RequestMemoryRead)
    i.I2C_RequestMemoryWrite                 0x080025b0   Section        0  stm32f7xx_hal_i2c.o(i.I2C_RequestMemoryWrite)
    I2C_RequestMemoryWrite                   0x080025b1   Thumb Code   138  stm32f7xx_hal_i2c.o(i.I2C_RequestMemoryWrite)
    i.I2C_TransferConfig                     0x08002640   Section        0  stm32f7xx_hal_i2c.o(i.I2C_TransferConfig)
    I2C_TransferConfig                       0x08002641   Thumb Code    52  stm32f7xx_hal_i2c.o(i.I2C_TransferConfig)
    i.I2C_WaitOnFlagUntilTimeout             0x08002674   Section        0  stm32f7xx_hal_i2c.o(i.I2C_WaitOnFlagUntilTimeout)
    I2C_WaitOnFlagUntilTimeout               0x08002675   Thumb Code    86  stm32f7xx_hal_i2c.o(i.I2C_WaitOnFlagUntilTimeout)
    i.I2C_WaitOnSTOPFlagUntilTimeout         0x080026ca   Section        0  stm32f7xx_hal_i2c.o(i.I2C_WaitOnSTOPFlagUntilTimeout)
    I2C_WaitOnSTOPFlagUntilTimeout           0x080026cb   Thumb Code    86  stm32f7xx_hal_i2c.o(i.I2C_WaitOnSTOPFlagUntilTimeout)
    i.I2C_WaitOnTXISFlagUntilTimeout         0x08002720   Section        0  stm32f7xx_hal_i2c.o(i.I2C_WaitOnTXISFlagUntilTimeout)
    I2C_WaitOnTXISFlagUntilTimeout           0x08002721   Thumb Code    90  stm32f7xx_hal_i2c.o(i.I2C_WaitOnTXISFlagUntilTimeout)
    i.I2Cx_Error                             0x0800277a   Section        0  stm32746g_discovery.o(i.I2Cx_Error)
    I2Cx_Error                               0x0800277b   Thumb Code    20  stm32746g_discovery.o(i.I2Cx_Error)
    i.I2Cx_Init                              0x08002790   Section        0  stm32746g_discovery.o(i.I2Cx_Init)
    I2Cx_Init                                0x08002791   Thumb Code    64  stm32746g_discovery.o(i.I2Cx_Init)
    i.I2Cx_MspInit                           0x080027e0   Section        0  stm32746g_discovery.o(i.I2Cx_MspInit)
    I2Cx_MspInit                             0x080027e1   Thumb Code   338  stm32746g_discovery.o(i.I2Cx_MspInit)
    i.I2Cx_ReadMultiple                      0x08002944   Section        0  stm32746g_discovery.o(i.I2Cx_ReadMultiple)
    I2Cx_ReadMultiple                        0x08002945   Thumb Code    58  stm32746g_discovery.o(i.I2Cx_ReadMultiple)
    i.I2Cx_WriteMultiple                     0x0800297e   Section        0  stm32746g_discovery.o(i.I2Cx_WriteMultiple)
    I2Cx_WriteMultiple                       0x0800297f   Thumb Code    58  stm32746g_discovery.o(i.I2Cx_WriteMultiple)
    i.LTDC_SetConfig                         0x080029b8   Section        0  stm32f7xx_hal_ltdc.o(i.LTDC_SetConfig)
    LTDC_SetConfig                           0x080029b9   Thumb Code   530  stm32f7xx_hal_ltdc.o(i.LTDC_SetConfig)
    i.ReceiveFile                            0x08002bcc   Section        0  uart6_driver.o(i.ReceiveFile)
    i.RefreshDisplay                         0x08002c04   Section        0  glcd_driver.o(i.RefreshDisplay)
    i.SelectButton                           0x08002d78   Section        0  glcd_driver.o(i.SelectButton)
    i.SendFileTransferCmd                    0x08002dc0   Section        0  tx_control.o(i.SendFileTransferCmd)
    i.SendStartWord                          0x08002e00   Section        0  tx_control.o(i.SendStartWord)
    i.Send_Byte                              0x08002e50   Section        0  tx_control.o(i.Send_Byte)
    i.SystemInit                             0x08002eac   Section        0  system_stm32f7xx.o(i.SystemInit)
    i.TIM2Delay                              0x08002f10   Section        0  tim2_delay.o(i.TIM2Delay)
    i.TIM2Reset                              0x08002f2e   Section        0  tim2_delay.o(i.TIM2Reset)
    i.TS_IO_Delay                            0x08002f38   Section        0  stm32746g_discovery.o(i.TS_IO_Delay)
    i.TS_IO_Init                             0x08002f44   Section        0  stm32746g_discovery.o(i.TS_IO_Init)
    i.TS_IO_Read                             0x08002f54   Section        0  stm32746g_discovery.o(i.TS_IO_Read)
    i.TS_IO_Write                            0x08002f7c   Section        0  stm32746g_discovery.o(i.TS_IO_Write)
    i.Touch_GetState                         0x08002fa0   Section        0  touch_746g_discovery.o(i.Touch_GetState)
    i.Touch_Initialize                       0x08002fdc   Section        0  touch_746g_discovery.o(i.Touch_Initialize)
    i.UART6_Init                             0x08002ff8   Section        0  uart6_driver.o(i.UART6_Init)
    i.USART6_IRQHandler                      0x080030ac   Section        0  main.o(i.USART6_IRQHandler)
    i.__NVIC_GetPriorityGrouping             0x080030d0   Section        0  stm32f7xx_hal_cortex.o(i.__NVIC_GetPriorityGrouping)
    __NVIC_GetPriorityGrouping               0x080030d1   Thumb Code    10  stm32f7xx_hal_cortex.o(i.__NVIC_GetPriorityGrouping)
    i.__NVIC_SetPriority                     0x080030e0   Section        0  stm32f7xx_hal_cortex.o(i.__NVIC_SetPriority)
    __NVIC_SetPriority                       0x080030e1   Thumb Code    32  stm32f7xx_hal_cortex.o(i.__NVIC_SetPriority)
    i.ft5336_Get_I2C_InitializedStatus       0x08003108   Section        0  ft5336.o(i.ft5336_Get_I2C_InitializedStatus)
    ft5336_Get_I2C_InitializedStatus         0x08003109   Thumb Code     6  ft5336.o(i.ft5336_Get_I2C_InitializedStatus)
    i.ft5336_I2C_InitializeIfRequired        0x08003114   Section        0  ft5336.o(i.ft5336_I2C_InitializeIfRequired)
    ft5336_I2C_InitializeIfRequired          0x08003115   Thumb Code    20  ft5336.o(i.ft5336_I2C_InitializeIfRequired)
    i.ft5336_Init                            0x0800312c   Section        0  ft5336.o(i.ft5336_Init)
    i.ft5336_ReadID                          0x0800313c   Section        0  ft5336.o(i.ft5336_ReadID)
    i.ft5336_Reset                           0x08003176   Section        0  ft5336.o(i.ft5336_Reset)
    i.ft5336_TS_ClearIT                      0x08003178   Section        0  ft5336.o(i.ft5336_TS_ClearIT)
    i.ft5336_TS_Configure                    0x0800317a   Section        0  ft5336.o(i.ft5336_TS_Configure)
    ft5336_TS_Configure                      0x0800317b   Thumb Code     6  ft5336.o(i.ft5336_TS_Configure)
    i.ft5336_TS_DetectTouch                  0x08003180   Section        0  ft5336.o(i.ft5336_TS_DetectTouch)
    i.ft5336_TS_DisableIT                    0x080031c0   Section        0  ft5336.o(i.ft5336_TS_DisableIT)
    i.ft5336_TS_EnableIT                     0x080031d4   Section        0  ft5336.o(i.ft5336_TS_EnableIT)
    i.ft5336_TS_GetGestureID                 0x080031e8   Section        0  ft5336.o(i.ft5336_TS_GetGestureID)
    i.ft5336_TS_GetTouchInfo                 0x08003204   Section        0  ft5336.o(i.ft5336_TS_GetTouchInfo)
    i.ft5336_TS_GetXY                        0x0800330c   Section        0  ft5336.o(i.ft5336_TS_GetXY)
    i.ft5336_TS_ITStatus                     0x08003470   Section        0  ft5336.o(i.ft5336_TS_ITStatus)
    i.ft5336_TS_Start                        0x08003476   Section        0  ft5336.o(i.ft5336_TS_Start)
    i.main                                   0x0800348c   Section        0  main.o(i.main)
    x$fpl$fpinit                             0x080036a4   Section       10  fpinit.o(x$fpl$fpinit)
    $v0                                      0x080036a4   Number         0  fpinit.o(x$fpl$fpinit)
    .constdata                               0x080036b0   Section       48  gpio_driver.o(.constdata)
    .constdata                               0x080036e0   Section       24  glcd_driver.o(.constdata)
    .constdata                               0x080036f8   Section     6304  glcd_fonts.o(.constdata)
    Font_6x8_h                               0x080036f8   Data         896  glcd_fonts.o(.constdata)
    Font_16x24_h                             0x08003a78   Data        5376  glcd_fonts.o(.constdata)
    .constdata                               0x08004f98   Section        8  stm32f7xx_hal_dma.o(.constdata)
    flagBitshiftOffset                       0x08004f98   Data           8  stm32f7xx_hal_dma.o(.constdata)
    .data                                    0x20010000   Section       13  main.o(.data)
    FileTransferState                        0x2001000c   Data           1  main.o(.data)
    .data                                    0x2001000e   Section       49  glcd_driver.o(.data)
    .data                                    0x20010040   Section       46  ft5336.o(.data)
    ft5336_handle                            0x20010068   Data           3  ft5336.o(.data)
    coord                                    0x2001006c   Data           2  ft5336.o(.data)
    .data                                    0x2001006e   Section        2  stm32746g_discovery_sdram.o(.data)
    sdramstatus                              0x2001006e   Data           1  stm32746g_discovery_sdram.o(.data)
    sdramstatus                              0x2001006f   Data           1  stm32746g_discovery_sdram.o(.data)
    .data                                    0x20010070   Section       10  stm32746g_discovery_ts.o(.data)
    tsDriver                                 0x20010070   Data           4  stm32746g_discovery_ts.o(.data)
    tsXBoundary                              0x20010074   Data           2  stm32746g_discovery_ts.o(.data)
    tsYBoundary                              0x20010076   Data           2  stm32746g_discovery_ts.o(.data)
    tsOrientation                            0x20010078   Data           1  stm32746g_discovery_ts.o(.data)
    I2cAddress                               0x20010079   Data           1  stm32746g_discovery_ts.o(.data)
    .data                                    0x2001007c   Section        8  glcd_746g_discovery.o(.data)
    foreground_color                         0x2001007c   Data           2  glcd_746g_discovery.o(.data)
    background_color                         0x2001007e   Data           2  glcd_746g_discovery.o(.data)
    active_font                              0x20010080   Data           4  glcd_746g_discovery.o(.data)
    .data                                    0x20010084   Section        9  stm32f7xx_hal.o(.data)
    .bss                                     0x20010090   Section    102400  main.o(.bss)
    .bss                                     0x20029090   Section      152  stm32746g_discovery.o(.bss)
    hI2cAudioHandler                         0x20029090   Data          76  stm32746g_discovery.o(.bss)
    hI2cExtHandler                           0x200290dc   Data          76  stm32746g_discovery.o(.bss)
    .bss                                     0x20029128   Section      288  stm32746g_discovery_sdram.o(.bss)
    Timing                                   0x2002915c   Data          28  stm32746g_discovery_sdram.o(.bss)
    Command                                  0x20029178   Data          16  stm32746g_discovery_sdram.o(.bss)
    dma_handle                               0x20029188   Data          96  stm32746g_discovery_sdram.o(.bss)
    dma_handle                               0x200291e8   Data          96  stm32746g_discovery_sdram.o(.bss)
    .bss                                     0x20029248   Section       40  stm32746g_discovery_ts.o(.bss)
    _x                                       0x20029248   Data          20  stm32746g_discovery_ts.o(.bss)
    _y                                       0x2002925c   Data          20  stm32746g_discovery_ts.o(.bss)
    .bss                                     0x20029270   Section      168  glcd_746g_discovery.o(.bss)
    LTDC_Handle                              0x20029270   Data         168  glcd_746g_discovery.o(.bss)
    .bss                                     0x20029318   Section       96  libspace.o(.bss)
    HEAP                                     0x20029378   Section      512  startup_stm32f746xx.o(HEAP)
    Heap_Mem                                 0x20029378   Data         512  startup_stm32f746xx.o(HEAP)
    STACK                                    0x20029578   Section     1024  startup_stm32f746xx.o(STACK)
    Stack_Mem                                0x20029578   Data        1024  startup_stm32f746xx.o(STACK)
    __initial_sp                             0x20029978   Data           0  startup_stm32f746xx.o(STACK)
    .ARM.__AT_0xC0000000                     0xc0000000   Section    261120  glcd_746g_discovery.o(.ARM.__AT_0xC0000000)
    frame_buf                                0xc0000000   Data       261120  glcd_746g_discovery.o(.ARM.__AT_0xC0000000)

    Global Symbols

    Symbol Name                              Value     Ov Type        Size  Object(Section)

    BuildAttributes$$THM_ISAv4$E$P$D$K$B$S$7EM$VFPi5$EXTD16$VFPS$VFMA$PE$PLD8$A:L22UL41UL21$X:L11$S22US41US21$IEEE1$IW$USESV6$~STKCKD$USESV7$~SHL$OSPACE$ROPI$EBA8$UX$STANDARDLIB$REQ8$PRES8$EABIv2 0x00000000   Number         0  anon$$obj.o ABSOLUTE
    __ARM_use_no_argv                        0x00000000   Number         0  main.o ABSOLUTE
    __ARM_exceptions_init                     - Undefined Weak Reference
    __alloca_initialize                       - Undefined Weak Reference
    __arm_preinit_                            - Undefined Weak Reference
    __cpp_initialize__aeabi_                  - Undefined Weak Reference
    __cxa_finalize                            - Undefined Weak Reference
    __rt_locale                               - Undefined Weak Reference
    __sigvec_lookup                           - Undefined Weak Reference
    _atexit_init                              - Undefined Weak Reference
    _call_atexit_fns                          - Undefined Weak Reference
    _clock_init                               - Undefined Weak Reference
    _fp_trap_init                             - Undefined Weak Reference
    _fp_trap_shutdown                         - Undefined Weak Reference
    _get_lc_collate                           - Undefined Weak Reference
    _get_lc_ctype                             - Undefined Weak Reference
    _get_lc_monetary                          - Undefined Weak Reference
    _get_lc_numeric                           - Undefined Weak Reference
    _get_lc_time                              - Undefined Weak Reference
    _getenv_init                              - Undefined Weak Reference
    _handle_redirection                       - Undefined Weak Reference
    _init_alloc                               - Undefined Weak Reference
    _init_user_alloc                          - Undefined Weak Reference
    _initio                                   - Undefined Weak Reference
    _rand_init                                - Undefined Weak Reference
    _signal_finish                            - Undefined Weak Reference
    _signal_init                              - Undefined Weak Reference
    _terminate_alloc                          - Undefined Weak Reference
    _terminate_user_alloc                     - Undefined Weak Reference
    _terminateio                              - Undefined Weak Reference
    __Vectors_Size                           0x000001c8   Number         0  startup_stm32f746xx.o ABSOLUTE
    __Vectors                                0x08000000   Data           4  startup_stm32f746xx.o(RESET)
    __Vectors_End                            0x080001c8   Data           0  startup_stm32f746xx.o(RESET)
    __main                                   0x080001c9   Thumb Code     8  __main.o(!!!main)
    __scatterload                            0x080001d1   Thumb Code     0  __scatter.o(!!!scatter)
    __scatterload_rt2                        0x080001d1   Thumb Code    44  __scatter.o(!!!scatter)
    __scatterload_rt2_thumb_only             0x080001d1   Thumb Code     0  __scatter.o(!!!scatter)
    __scatterload_null                       0x080001df   Thumb Code     0  __scatter.o(!!!scatter)
    __scatterload_copy                       0x08000205   Thumb Code    26  __scatter_copy.o(!!handler_copy)
    __scatterload_zeroinit                   0x08000221   Thumb Code    28  __scatter_zi.o(!!handler_zi)
    __rt_lib_init                            0x0800023d   Thumb Code     0  libinit.o(.ARM.Collect$$libinit$$00000000)
    __rt_lib_init_fp_1                       0x0800023f   Thumb Code     0  libinit2.o(.ARM.Collect$$libinit$$00000001)
    __rt_lib_init_alloca_1                   0x08000243   Thumb Code     0  libinit2.o(.ARM.Collect$$libinit$$0000002E)
    __rt_lib_init_argv_1                     0x08000243   Thumb Code     0  libinit2.o(.ARM.Collect$$libinit$$0000002C)
    __rt_lib_init_atexit_1                   0x08000243   Thumb Code     0  libinit2.o(.ARM.Collect$$libinit$$0000001B)
    __rt_lib_init_clock_1                    0x08000243   Thumb Code     0  libinit2.o(.ARM.Collect$$libinit$$00000021)
    __rt_lib_init_cpp_1                      0x08000243   Thumb Code     0  libinit2.o(.ARM.Collect$$libinit$$00000032)
    __rt_lib_init_exceptions_1               0x08000243   Thumb Code     0  libinit2.o(.ARM.Collect$$libinit$$00000030)
    __rt_lib_init_fp_trap_1                  0x08000243   Thumb Code     0  libinit2.o(.ARM.Collect$$libinit$$0000001F)
    __rt_lib_init_getenv_1                   0x08000243   Thumb Code     0  libinit2.o(.ARM.Collect$$libinit$$00000023)
    __rt_lib_init_heap_1                     0x08000243   Thumb Code     0  libinit2.o(.ARM.Collect$$libinit$$0000000A)
    __rt_lib_init_lc_collate_1               0x08000243   Thumb Code     0  libinit2.o(.ARM.Collect$$libinit$$00000011)
    __rt_lib_init_lc_ctype_1                 0x08000243   Thumb Code     0  libinit2.o(.ARM.Collect$$libinit$$00000013)
    __rt_lib_init_lc_monetary_1              0x08000243   Thumb Code     0  libinit2.o(.ARM.Collect$$libinit$$00000015)
    __rt_lib_init_lc_numeric_1               0x08000243   Thumb Code     0  libinit2.o(.ARM.Collect$$libinit$$00000017)
    __rt_lib_init_lc_time_1                  0x08000243   Thumb Code     0  libinit2.o(.ARM.Collect$$libinit$$00000019)
    __rt_lib_init_preinit_1                  0x08000243   Thumb Code     0  libinit2.o(.ARM.Collect$$libinit$$00000004)
    __rt_lib_init_rand_1                     0x08000243   Thumb Code     0  libinit2.o(.ARM.Collect$$libinit$$0000000E)
    __rt_lib_init_return                     0x08000243   Thumb Code     0  libinit2.o(.ARM.Collect$$libinit$$00000033)
    __rt_lib_init_signal_1                   0x08000243   Thumb Code     0  libinit2.o(.ARM.Collect$$libinit$$0000001D)
    __rt_lib_init_stdio_1                    0x08000243   Thumb Code     0  libinit2.o(.ARM.Collect$$libinit$$00000025)
    __rt_lib_init_user_alloc_1               0x08000243   Thumb Code     0  libinit2.o(.ARM.Collect$$libinit$$0000000C)
    __rt_lib_shutdown                        0x08000245   Thumb Code     0  libshutdown.o(.ARM.Collect$$libshutdown$$00000000)
    __rt_lib_shutdown_cpp_1                  0x08000247   Thumb Code     0  libshutdown2.o(.ARM.Collect$$libshutdown$$00000002)
    __rt_lib_shutdown_fp_trap_1              0x08000247   Thumb Code     0  libshutdown2.o(.ARM.Collect$$libshutdown$$00000007)
    __rt_lib_shutdown_heap_1                 0x08000247   Thumb Code     0  libshutdown2.o(.ARM.Collect$$libshutdown$$0000000F)
    __rt_lib_shutdown_return                 0x08000247   Thumb Code     0  libshutdown2.o(.ARM.Collect$$libshutdown$$00000010)
    __rt_lib_shutdown_signal_1               0x08000247   Thumb Code     0  libshutdown2.o(.ARM.Collect$$libshutdown$$0000000A)
    __rt_lib_shutdown_stdio_1                0x08000247   Thumb Code     0  libshutdown2.o(.ARM.Collect$$libshutdown$$00000004)
    __rt_lib_shutdown_user_alloc_1           0x08000247   Thumb Code     0  libshutdown2.o(.ARM.Collect$$libshutdown$$0000000C)
    __rt_entry                               0x08000249   Thumb Code     0  __rtentry.o(.ARM.Collect$$rtentry$$00000000)
    __rt_entry_presh_1                       0x08000249   Thumb Code     0  __rtentry2.o(.ARM.Collect$$rtentry$$00000002)
    __rt_entry_sh                            0x08000249   Thumb Code     0  __rtentry4.o(.ARM.Collect$$rtentry$$00000004)
    __rt_entry_li                            0x0800024f   Thumb Code     0  __rtentry2.o(.ARM.Collect$$rtentry$$0000000A)
    __rt_entry_postsh_1                      0x0800024f   Thumb Code     0  __rtentry2.o(.ARM.Collect$$rtentry$$00000009)
    __rt_entry_main                          0x08000253   Thumb Code     0  __rtentry2.o(.ARM.Collect$$rtentry$$0000000D)
    __rt_entry_postli_1                      0x08000253   Thumb Code     0  __rtentry2.o(.ARM.Collect$$rtentry$$0000000C)
    __rt_exit                                0x0800025b   Thumb Code     0  rtexit.o(.ARM.Collect$$rtexit$$00000000)
    __rt_exit_ls                             0x0800025d   Thumb Code     0  rtexit2.o(.ARM.Collect$$rtexit$$00000003)
    __rt_exit_prels_1                        0x0800025d   Thumb Code     0  rtexit2.o(.ARM.Collect$$rtexit$$00000002)
    __rt_exit_exit                           0x08000261   Thumb Code     0  rtexit2.o(.ARM.Collect$$rtexit$$00000004)
    Reset_Handler                            0x08000269   Thumb Code     8  startup_stm32f746xx.o(.text)
    NMI_Handler                              0x08000271   Thumb Code     2  startup_stm32f746xx.o(.text)
    HardFault_Handler                        0x08000273   Thumb Code     2  startup_stm32f746xx.o(.text)
    MemManage_Handler                        0x08000275   Thumb Code     2  startup_stm32f746xx.o(.text)
    BusFault_Handler                         0x08000277   Thumb Code     2  startup_stm32f746xx.o(.text)
    UsageFault_Handler                       0x08000279   Thumb Code     2  startup_stm32f746xx.o(.text)
    SVC_Handler                              0x0800027b   Thumb Code     2  startup_stm32f746xx.o(.text)
    DebugMon_Handler                         0x0800027d   Thumb Code     2  startup_stm32f746xx.o(.text)
    PendSV_Handler                           0x0800027f   Thumb Code     2  startup_stm32f746xx.o(.text)
    SysTick_Handler                          0x08000281   Thumb Code     2  startup_stm32f746xx.o(.text)
    ADC_IRQHandler                           0x08000283   Thumb Code     0  startup_stm32f746xx.o(.text)
    CAN1_RX0_IRQHandler                      0x08000283   Thumb Code     0  startup_stm32f746xx.o(.text)
    CAN1_RX1_IRQHandler                      0x08000283   Thumb Code     0  startup_stm32f746xx.o(.text)
    CAN1_SCE_IRQHandler                      0x08000283   Thumb Code     0  startup_stm32f746xx.o(.text)
    CAN1_TX_IRQHandler                       0x08000283   Thumb Code     0  startup_stm32f746xx.o(.text)
    CAN2_RX0_IRQHandler                      0x08000283   Thumb Code     0  startup_stm32f746xx.o(.text)
    CAN2_RX1_IRQHandler                      0x08000283   Thumb Code     0  startup_stm32f746xx.o(.text)
    CAN2_SCE_IRQHandler                      0x08000283   Thumb Code     0  startup_stm32f746xx.o(.text)
    CAN2_TX_IRQHandler                       0x08000283   Thumb Code     0  startup_stm32f746xx.o(.text)
    CEC_IRQHandler                           0x08000283   Thumb Code     0  startup_stm32f746xx.o(.text)
    DCMI_IRQHandler                          0x08000283   Thumb Code     0  startup_stm32f746xx.o(.text)
    DMA1_Stream0_IRQHandler                  0x08000283   Thumb Code     0  startup_stm32f746xx.o(.text)
    DMA1_Stream1_IRQHandler                  0x08000283   Thumb Code     0  startup_stm32f746xx.o(.text)
    DMA1_Stream2_IRQHandler                  0x08000283   Thumb Code     0  startup_stm32f746xx.o(.text)
    DMA1_Stream3_IRQHandler                  0x08000283   Thumb Code     0  startup_stm32f746xx.o(.text)
    DMA1_Stream4_IRQHandler                  0x08000283   Thumb Code     0  startup_stm32f746xx.o(.text)
    DMA1_Stream5_IRQHandler                  0x08000283   Thumb Code     0  startup_stm32f746xx.o(.text)
    DMA1_Stream6_IRQHandler                  0x08000283   Thumb Code     0  startup_stm32f746xx.o(.text)
    DMA1_Stream7_IRQHandler                  0x08000283   Thumb Code     0  startup_stm32f746xx.o(.text)
    DMA2D_IRQHandler                         0x08000283   Thumb Code     0  startup_stm32f746xx.o(.text)
    DMA2_Stream0_IRQHandler                  0x08000283   Thumb Code     0  startup_stm32f746xx.o(.text)
    DMA2_Stream1_IRQHandler                  0x08000283   Thumb Code     0  startup_stm32f746xx.o(.text)
    DMA2_Stream2_IRQHandler                  0x08000283   Thumb Code     0  startup_stm32f746xx.o(.text)
    DMA2_Stream3_IRQHandler                  0x08000283   Thumb Code     0  startup_stm32f746xx.o(.text)
    DMA2_Stream4_IRQHandler                  0x08000283   Thumb Code     0  startup_stm32f746xx.o(.text)
    DMA2_Stream5_IRQHandler                  0x08000283   Thumb Code     0  startup_stm32f746xx.o(.text)
    DMA2_Stream6_IRQHandler                  0x08000283   Thumb Code     0  startup_stm32f746xx.o(.text)
    DMA2_Stream7_IRQHandler                  0x08000283   Thumb Code     0  startup_stm32f746xx.o(.text)
    ETH_IRQHandler                           0x08000283   Thumb Code     0  startup_stm32f746xx.o(.text)
    ETH_WKUP_IRQHandler                      0x08000283   Thumb Code     0  startup_stm32f746xx.o(.text)
    EXTI0_IRQHandler                         0x08000283   Thumb Code     0  startup_stm32f746xx.o(.text)
    EXTI15_10_IRQHandler                     0x08000283   Thumb Code     0  startup_stm32f746xx.o(.text)
    EXTI1_IRQHandler                         0x08000283   Thumb Code     0  startup_stm32f746xx.o(.text)
    EXTI2_IRQHandler                         0x08000283   Thumb Code     0  startup_stm32f746xx.o(.text)
    EXTI3_IRQHandler                         0x08000283   Thumb Code     0  startup_stm32f746xx.o(.text)
    EXTI4_IRQHandler                         0x08000283   Thumb Code     0  startup_stm32f746xx.o(.text)
    EXTI9_5_IRQHandler                       0x08000283   Thumb Code     0  startup_stm32f746xx.o(.text)
    FLASH_IRQHandler                         0x08000283   Thumb Code     0  startup_stm32f746xx.o(.text)
    FMC_IRQHandler                           0x08000283   Thumb Code     0  startup_stm32f746xx.o(.text)
    FPU_IRQHandler                           0x08000283   Thumb Code     0  startup_stm32f746xx.o(.text)
    I2C1_ER_IRQHandler                       0x08000283   Thumb Code     0  startup_stm32f746xx.o(.text)
    I2C1_EV_IRQHandler                       0x08000283   Thumb Code     0  startup_stm32f746xx.o(.text)
    I2C2_ER_IRQHandler                       0x08000283   Thumb Code     0  startup_stm32f746xx.o(.text)
    I2C2_EV_IRQHandler                       0x08000283   Thumb Code     0  startup_stm32f746xx.o(.text)
    I2C3_ER_IRQHandler                       0x08000283   Thumb Code     0  startup_stm32f746xx.o(.text)
    I2C3_EV_IRQHandler                       0x08000283   Thumb Code     0  startup_stm32f746xx.o(.text)
    I2C4_ER_IRQHandler                       0x08000283   Thumb Code     0  startup_stm32f746xx.o(.text)
    I2C4_EV_IRQHandler                       0x08000283   Thumb Code     0  startup_stm32f746xx.o(.text)
    LPTIM1_IRQHandler                        0x08000283   Thumb Code     0  startup_stm32f746xx.o(.text)
    LTDC_ER_IRQHandler                       0x08000283   Thumb Code     0  startup_stm32f746xx.o(.text)
    LTDC_IRQHandler                          0x08000283   Thumb Code     0  startup_stm32f746xx.o(.text)
    OTG_FS_IRQHandler                        0x08000283   Thumb Code     0  startup_stm32f746xx.o(.text)
    OTG_FS_WKUP_IRQHandler                   0x08000283   Thumb Code     0  startup_stm32f746xx.o(.text)
    OTG_HS_EP1_IN_IRQHandler                 0x08000283   Thumb Code     0  startup_stm32f746xx.o(.text)
    OTG_HS_EP1_OUT_IRQHandler                0x08000283   Thumb Code     0  startup_stm32f746xx.o(.text)
    OTG_HS_IRQHandler                        0x08000283   Thumb Code     0  startup_stm32f746xx.o(.text)
    OTG_HS_WKUP_IRQHandler                   0x08000283   Thumb Code     0  startup_stm32f746xx.o(.text)
    PVD_IRQHandler                           0x08000283   Thumb Code     0  startup_stm32f746xx.o(.text)
    QUADSPI_IRQHandler                       0x08000283   Thumb Code     0  startup_stm32f746xx.o(.text)
    RCC_IRQHandler                           0x08000283   Thumb Code     0  startup_stm32f746xx.o(.text)
    RNG_IRQHandler                           0x08000283   Thumb Code     0  startup_stm32f746xx.o(.text)
    RTC_Alarm_IRQHandler                     0x08000283   Thumb Code     0  startup_stm32f746xx.o(.text)
    RTC_WKUP_IRQHandler                      0x08000283   Thumb Code     0  startup_stm32f746xx.o(.text)
    SAI1_IRQHandler                          0x08000283   Thumb Code     0  startup_stm32f746xx.o(.text)
    SAI2_IRQHandler                          0x08000283   Thumb Code     0  startup_stm32f746xx.o(.text)
    SDMMC1_IRQHandler                        0x08000283   Thumb Code     0  startup_stm32f746xx.o(.text)
    SPDIF_RX_IRQHandler                      0x08000283   Thumb Code     0  startup_stm32f746xx.o(.text)
    SPI1_IRQHandler                          0x08000283   Thumb Code     0  startup_stm32f746xx.o(.text)
    SPI2_IRQHandler                          0x08000283   Thumb Code     0  startup_stm32f746xx.o(.text)
    SPI3_IRQHandler                          0x08000283   Thumb Code     0  startup_stm32f746xx.o(.text)
    SPI4_IRQHandler                          0x08000283   Thumb Code     0  startup_stm32f746xx.o(.text)
    SPI5_IRQHandler                          0x08000283   Thumb Code     0  startup_stm32f746xx.o(.text)
    SPI6_IRQHandler                          0x08000283   Thumb Code     0  startup_stm32f746xx.o(.text)
    TAMP_STAMP_IRQHandler                    0x08000283   Thumb Code     0  startup_stm32f746xx.o(.text)
    TIM1_BRK_TIM9_IRQHandler                 0x08000283   Thumb Code     0  startup_stm32f746xx.o(.text)
    TIM1_CC_IRQHandler                       0x08000283   Thumb Code     0  startup_stm32f746xx.o(.text)
    TIM1_TRG_COM_TIM11_IRQHandler            0x08000283   Thumb Code     0  startup_stm32f746xx.o(.text)
    TIM1_UP_TIM10_IRQHandler                 0x08000283   Thumb Code     0  startup_stm32f746xx.o(.text)
    TIM2_IRQHandler                          0x08000283   Thumb Code     0  startup_stm32f746xx.o(.text)
    TIM3_IRQHandler                          0x08000283   Thumb Code     0  startup_stm32f746xx.o(.text)
    TIM4_IRQHandler                          0x08000283   Thumb Code     0  startup_stm32f746xx.o(.text)
    TIM5_IRQHandler                          0x08000283   Thumb Code     0  startup_stm32f746xx.o(.text)
    TIM6_DAC_IRQHandler                      0x08000283   Thumb Code     0  startup_stm32f746xx.o(.text)
    TIM7_IRQHandler                          0x08000283   Thumb Code     0  startup_stm32f746xx.o(.text)
    TIM8_BRK_TIM12_IRQHandler                0x08000283   Thumb Code     0  startup_stm32f746xx.o(.text)
    TIM8_CC_IRQHandler                       0x08000283   Thumb Code     0  startup_stm32f746xx.o(.text)
    TIM8_TRG_COM_TIM14_IRQHandler            0x08000283   Thumb Code     0  startup_stm32f746xx.o(.text)
    TIM8_UP_TIM13_IRQHandler                 0x08000283   Thumb Code     0  startup_stm32f746xx.o(.text)
    UART4_IRQHandler                         0x08000283   Thumb Code     0  startup_stm32f746xx.o(.text)
    UART5_IRQHandler                         0x08000283   Thumb Code     0  startup_stm32f746xx.o(.text)
    UART7_IRQHandler                         0x08000283   Thumb Code     0  startup_stm32f746xx.o(.text)
    UART8_IRQHandler                         0x08000283   Thumb Code     0  startup_stm32f746xx.o(.text)
    USART1_IRQHandler                        0x08000283   Thumb Code     0  startup_stm32f746xx.o(.text)
    USART2_IRQHandler                        0x08000283   Thumb Code     0  startup_stm32f746xx.o(.text)
    USART3_IRQHandler                        0x08000283   Thumb Code     0  startup_stm32f746xx.o(.text)
    WWDG_IRQHandler                          0x08000283   Thumb Code     0  startup_stm32f746xx.o(.text)
    __user_initial_stackheap                 0x08000285   Thumb Code     0  startup_stm32f746xx.o(.text)
    __aeabi_memcpy4                          0x080002a9   Thumb Code     0  rt_memcpy_w.o(.text)
    __aeabi_memcpy8                          0x080002a9   Thumb Code     0  rt_memcpy_w.o(.text)
    __rt_memcpy_w                            0x080002a9   Thumb Code   100  rt_memcpy_w.o(.text)
    _memcpy_lastbytes_aligned                0x080002f1   Thumb Code     0  rt_memcpy_w.o(.text)
    __use_two_region_memory                  0x0800030d   Thumb Code     2  heapauxi.o(.text)
    __rt_heap_escrow$2region                 0x0800030f   Thumb Code     2  heapauxi.o(.text)
    __rt_heap_expand$2region                 0x08000311   Thumb Code     2  heapauxi.o(.text)
    __user_setup_stackheap                   0x08000313   Thumb Code    74  sys_stackheap_outer.o(.text)
    exit                                     0x0800035d   Thumb Code    18  exit.o(.text)
    __user_libspace                          0x08000371   Thumb Code     8  libspace.o(.text)
    __user_perproc_libspace                  0x08000371   Thumb Code     0  libspace.o(.text)
    __user_perthread_libspace                0x08000371   Thumb Code     0  libspace.o(.text)
    _sys_exit                                0x08000379   Thumb Code     8  sys_exit.o(.text)
    __I$use$semihosting                      0x08000385   Thumb Code     0  use_no_semi.o(.text)
    __use_no_semihosting_swi                 0x08000385   Thumb Code     2  use_no_semi.o(.text)
    __semihosting_library_function           0x08000387   Thumb Code     0  indicate_semi.o(.text)
    BSP_SDRAM_Init                           0x08000389   Thumb Code   122  stm32746g_discovery_sdram.o(i.BSP_SDRAM_Init)
    BSP_SDRAM_Initialization_sequence        0x08000415   Thumb Code   142  stm32746g_discovery_sdram.o(i.BSP_SDRAM_Initialization_sequence)
    BSP_SDRAM_MspInit                        0x080004ad   Thumb Code   418  stm32746g_discovery_sdram.o(i.BSP_SDRAM_MspInit)
    BSP_TS_GetState                          0x08000675   Thumb Code   526  stm32746g_discovery_ts.o(i.BSP_TS_GetState)
    BSP_TS_Get_GestureId                     0x080008a1   Thumb Code   106  stm32746g_discovery_ts.o(i.BSP_TS_Get_GestureId)
    BSP_TS_Init                              0x08000911   Thumb Code    74  stm32746g_discovery_ts.o(i.BSP_TS_Init)
    ButtonDimensionsInit                     0x08000975   Thumb Code   114  glcd_driver.o(i.ButtonDimensionsInit)
    DelayInit                                0x08000ae1   Thumb Code    26  tim2_delay.o(i.DelayInit)
    FMC_SDRAM_Init                           0x08000b01   Thumb Code   116  stm32f7xx_ll_fmc.o(i.FMC_SDRAM_Init)
    FMC_SDRAM_ProgramRefreshRate             0x08000b75   Thumb Code    14  stm32f7xx_ll_fmc.o(i.FMC_SDRAM_ProgramRefreshRate)
    FMC_SDRAM_SendCommand                    0x08000b83   Thumb Code    38  stm32f7xx_ll_fmc.o(i.FMC_SDRAM_SendCommand)
    FMC_SDRAM_Timing_Init                    0x08000ba9   Thumb Code   152  stm32f7xx_ll_fmc.o(i.FMC_SDRAM_Timing_Init)
    GLCD_ClearScreen                         0x08000c45   Thumb Code    26  glcd_746g_discovery.o(i.GLCD_ClearScreen)
    GLCD_DrawChar                            0x08000c69   Thumb Code   198  glcd_746g_discovery.o(i.GLCD_DrawChar)
    GLCD_DrawHLine                           0x08000d41   Thumb Code    36  glcd_746g_discovery.o(i.GLCD_DrawHLine)
    GLCD_DrawRectangle                       0x08000d6d   Thumb Code    54  glcd_746g_discovery.o(i.GLCD_DrawRectangle)
    GLCD_DrawString                          0x08000da5   Thumb Code    38  glcd_746g_discovery.o(i.GLCD_DrawString)
    GLCD_DrawVLine                           0x08000dd1   Thumb Code    38  glcd_746g_discovery.o(i.GLCD_DrawVLine)
    GLCD_Initialize                          0x08000e01   Thumb Code   502  glcd_746g_discovery.o(i.GLCD_Initialize)
    GLCD_SetBackgroundColor                  0x08001019   Thumb Code    10  glcd_746g_discovery.o(i.GLCD_SetBackgroundColor)
    GLCD_SetFont                             0x08001029   Thumb Code    10  glcd_746g_discovery.o(i.GLCD_SetFont)
    GLCD_SetForegroundColor                  0x08001039   Thumb Code    10  glcd_746g_discovery.o(i.GLCD_SetForegroundColor)
    GPIOInitPin                              0x08001049   Thumb Code   106  gpio_driver.o(i.GPIOInitPin)
    GetTouchPositionFlags                    0x080010b9   Thumb Code   442  glcd_driver.o(i.GetTouchPositionFlags)
    HAL_DMA_DeInit                           0x08001295   Thumb Code   110  stm32f7xx_hal_dma.o(i.HAL_DMA_DeInit)
    HAL_DMA_Init                             0x08001305   Thumb Code   232  stm32f7xx_hal_dma.o(i.HAL_DMA_Init)
    HAL_Delay                                0x080013f1   Thumb Code    30  stm32f7xx_hal.o(i.HAL_Delay)
    HAL_GPIO_Init                            0x08001411   Thumb Code   484  stm32f7xx_hal_gpio.o(i.HAL_GPIO_Init)
    HAL_GPIO_WritePin                        0x08001629   Thumb Code    12  stm32f7xx_hal_gpio.o(i.HAL_GPIO_WritePin)
    HAL_GetTick                              0x08001635   Thumb Code     6  stm32f7xx_hal.o(i.HAL_GetTick)
    HAL_I2C_DeInit                           0x08001641   Thumb Code    60  stm32f7xx_hal_i2c.o(i.HAL_I2C_DeInit)
    HAL_I2C_GetState                         0x0800167d   Thumb Code     8  stm32f7xx_hal_i2c.o(i.HAL_I2C_GetState)
    HAL_I2C_Init                             0x08001685   Thumb Code   192  stm32f7xx_hal_i2c.o(i.HAL_I2C_Init)
    HAL_I2C_Mem_Read                         0x08001749   Thumb Code   434  stm32f7xx_hal_i2c.o(i.HAL_I2C_Mem_Read)
    HAL_I2C_Mem_Write                        0x08001905   Thumb Code   436  stm32f7xx_hal_i2c.o(i.HAL_I2C_Mem_Write)
    HAL_I2C_MspDeInit                        0x08001abd   Thumb Code     2  stm32f7xx_hal_i2c.o(i.HAL_I2C_MspDeInit)
    HAL_I2C_MspInit                          0x08001abf   Thumb Code     2  stm32f7xx_hal_i2c.o(i.HAL_I2C_MspInit)
    HAL_LTDC_ConfigLayer                     0x08001ac1   Thumb Code    94  stm32f7xx_hal_ltdc.o(i.HAL_LTDC_ConfigLayer)
    HAL_LTDC_Init                            0x08001b21   Thumb Code   290  stm32f7xx_hal_ltdc.o(i.HAL_LTDC_Init)
    HAL_LTDC_MspInit                         0x08001c49   Thumb Code     2  stm32f7xx_hal_ltdc.o(i.HAL_LTDC_MspInit)
    HAL_NVIC_EnableIRQ                       0x08001c4b   Thumb Code    32  stm32f7xx_hal_cortex.o(i.HAL_NVIC_EnableIRQ)
    HAL_NVIC_SetPriority                     0x08001c6b   Thumb Code   124  stm32f7xx_hal_cortex.o(i.HAL_NVIC_SetPriority)
    HAL_RCCEx_PeriphCLKConfig                0x08001ce9   Thumb Code  1756  stm32f7xx_hal_rcc_ex.o(i.HAL_RCCEx_PeriphCLKConfig)
    HAL_SDRAM_Init                           0x080023c9   Thumb Code    64  stm32f7xx_hal_sdram.o(i.HAL_SDRAM_Init)
    HAL_SDRAM_MspInit                        0x08002409   Thumb Code     2  stm32f7xx_hal_sdram.o(i.HAL_SDRAM_MspInit)
    HAL_SDRAM_ProgramRefreshRate             0x0800240b   Thumb Code    40  stm32f7xx_hal_sdram.o(i.HAL_SDRAM_ProgramRefreshRate)
    HAL_SDRAM_SendCommand                    0x08002433   Thumb Code    58  stm32f7xx_hal_sdram.o(i.HAL_SDRAM_SendCommand)
    ReceiveFile                              0x08002bcd   Thumb Code    38  uart6_driver.o(i.ReceiveFile)
    RefreshDisplay                           0x08002c05   Thumb Code   282  glcd_driver.o(i.RefreshDisplay)
    SelectButton                             0x08002d79   Thumb Code    68  glcd_driver.o(i.SelectButton)
    SendFileTransferCmd                      0x08002dc1   Thumb Code    44  tx_control.o(i.SendFileTransferCmd)
    SendStartWord                            0x08002e01   Thumb Code    76  tx_control.o(i.SendStartWord)
    Send_Byte                                0x08002e51   Thumb Code    88  tx_control.o(i.Send_Byte)
    SystemInit                               0x08002ead   Thumb Code    82  system_stm32f7xx.o(i.SystemInit)
    TIM2Delay                                0x08002f11   Thumb Code    30  tim2_delay.o(i.TIM2Delay)
    TIM2Reset                                0x08002f2f   Thumb Code    10  tim2_delay.o(i.TIM2Reset)
    TS_IO_Delay                              0x08002f39   Thumb Code    12  stm32746g_discovery.o(i.TS_IO_Delay)
    TS_IO_Init                               0x08002f45   Thumb Code    10  stm32746g_discovery.o(i.TS_IO_Init)
    TS_IO_Read                               0x08002f55   Thumb Code    36  stm32746g_discovery.o(i.TS_IO_Read)
    TS_IO_Write                              0x08002f7d   Thumb Code    32  stm32746g_discovery.o(i.TS_IO_Write)
    Touch_GetState                           0x08002fa1   Thumb Code    60  touch_746g_discovery.o(i.Touch_GetState)
    Touch_Initialize                         0x08002fdd   Thumb Code    28  touch_746g_discovery.o(i.Touch_Initialize)
    UART6_Init                               0x08002ff9   Thumb Code   168  uart6_driver.o(i.UART6_Init)
    USART6_IRQHandler                        0x080030ad   Thumb Code    22  main.o(i.USART6_IRQHandler)
    ft5336_Init                              0x0800312d   Thumb Code    16  ft5336.o(i.ft5336_Init)
    ft5336_ReadID                            0x0800313d   Thumb Code    58  ft5336.o(i.ft5336_ReadID)
    ft5336_Reset                             0x08003177   Thumb Code     2  ft5336.o(i.ft5336_Reset)
    ft5336_TS_ClearIT                        0x08003179   Thumb Code     2  ft5336.o(i.ft5336_TS_ClearIT)
    ft5336_TS_DetectTouch                    0x08003181   Thumb Code    58  ft5336.o(i.ft5336_TS_DetectTouch)
    ft5336_TS_DisableIT                      0x080031c1   Thumb Code    20  ft5336.o(i.ft5336_TS_DisableIT)
    ft5336_TS_EnableIT                       0x080031d5   Thumb Code    20  ft5336.o(i.ft5336_TS_EnableIT)
    ft5336_TS_GetGestureID                   0x080031e9   Thumb Code    28  ft5336.o(i.ft5336_TS_GetGestureID)
    ft5336_TS_GetTouchInfo                   0x08003205   Thumb Code   258  ft5336.o(i.ft5336_TS_GetTouchInfo)
    ft5336_TS_GetXY                          0x0800330d   Thumb Code   346  ft5336.o(i.ft5336_TS_GetXY)
    ft5336_TS_ITStatus                       0x08003471   Thumb Code     6  ft5336.o(i.ft5336_TS_ITStatus)
    ft5336_TS_Start                          0x08003477   Thumb Code    22  ft5336.o(i.ft5336_TS_Start)
    main                                     0x0800348d   Thumb Code   490  main.o(i.main)
    _fp_init                                 0x080036a5   Thumb Code    10  fpinit.o(x$fpl$fpinit)
    __fplib_config_fpu_vfp                   0x080036ad   Thumb Code     0  fpinit.o(x$fpl$fpinit)
    __fplib_config_pureend_doubles           0x080036ad   Thumb Code     0  fpinit.o(x$fpl$fpinit)
    GLCD_Font_6x8                            0x08004f78   Data          16  glcd_fonts.o(.constdata)
    GLCD_Font_16x24                          0x08004f88   Data          16  glcd_fonts.o(.constdata)
    Region$$Table$$Base                      0x08004fa0   Number         0  anon$$obj.o(Region$$Table)
    Region$$Table$$Limit                     0x08004fc0   Number         0  anon$$obj.o(Region$$Table)
    UARTRxFlag                               0x20010000   Data           1  main.o(.data)
    TxChar                                   0x20010001   Data           1  main.o(.data)
    tsc_state                                0x20010002   Data           6  main.o(.data)
    FileArrIndex                             0x20010008   Data           4  main.o(.data)
    Button1                                  0x2001000e   Data           8  glcd_driver.o(.data)
    Button2                                  0x20010016   Data           8  glcd_driver.o(.data)
    Button3                                  0x2001001e   Data           8  glcd_driver.o(.data)
    Button4                                  0x20010026   Data           8  glcd_driver.o(.data)
    Button5                                  0x2001002e   Data           8  glcd_driver.o(.data)
    Button6                                  0x20010036   Data           8  glcd_driver.o(.data)
    RefreshDisplayFlag                       0x2001003e   Data           1  glcd_driver.o(.data)
    ft5336_ts_drv                            0x20010040   Data          40  ft5336.o(.data)
    uwTick                                   0x20010084   Data           4  stm32f7xx_hal.o(.data)
    uwTickPrio                               0x20010088   Data           4  stm32f7xx_hal.o(.data)
    uwTickFreq                               0x2001008c   Data           1  stm32f7xx_hal.o(.data)
    FileArr                                  0x20010090   Data       102400  main.o(.bss)
    sdramHandle                              0x20029128   Data          52  stm32746g_discovery_sdram.o(.bss)
    __libspace_start                         0x20029318   Data          96  libspace.o(.bss)
    __temporary_stack_top$libspace           0x20029378   Data           0  libspace.o(.bss)



==============================================================================

Memory Map of the image

  Image Entry point : 0x08000269

  Load Region LR_1 (Base: 0x08000000, Size: 0x00005050, Max: 0xffffffff, ABSOLUTE)

    Execution Region ER_RO (Base: 0x08000000, Size: 0x00004fc0, Max: 0xffffffff, ABSOLUTE)

    Base Addr    Size         Type   Attr      Idx    E Section Name        Object

    0x08000000   0x000001c8   Data   RO         3571    RESET               startup_stm32f746xx.o
    0x080001c8   0x00000008   Code   RO         3621  * !!!main             c_w.l(__main.o)
    0x080001d0   0x00000034   Code   RO         3788    !!!scatter          c_w.l(__scatter.o)
    0x08000204   0x0000001a   Code   RO         3790    !!handler_copy      c_w.l(__scatter_copy.o)
    0x0800021e   0x00000002   PAD
    0x08000220   0x0000001c   Code   RO         3792    !!handler_zi        c_w.l(__scatter_zi.o)
    0x0800023c   0x00000002   Code   RO         3658    .ARM.Collect$$libinit$$00000000  c_w.l(libinit.o)
    0x0800023e   0x00000004   Code   RO         3670    .ARM.Collect$$libinit$$00000001  c_w.l(libinit2.o)
    0x08000242   0x00000000   Code   RO         3673    .ARM.Collect$$libinit$$00000004  c_w.l(libinit2.o)
    0x08000242   0x00000000   Code   RO         3676    .ARM.Collect$$libinit$$0000000A  c_w.l(libinit2.o)
    0x08000242   0x00000000   Code   RO         3678    .ARM.Collect$$libinit$$0000000C  c_w.l(libinit2.o)
    0x08000242   0x00000000   Code   RO         3680    .ARM.Collect$$libinit$$0000000E  c_w.l(libinit2.o)
    0x08000242   0x00000000   Code   RO         3683    .ARM.Collect$$libinit$$00000011  c_w.l(libinit2.o)
    0x08000242   0x00000000   Code   RO         3685    .ARM.Collect$$libinit$$00000013  c_w.l(libinit2.o)
    0x08000242   0x00000000   Code   RO         3687    .ARM.Collect$$libinit$$00000015  c_w.l(libinit2.o)
    0x08000242   0x00000000   Code   RO         3689    .ARM.Collect$$libinit$$00000017  c_w.l(libinit2.o)
    0x08000242   0x00000000   Code   RO         3691    .ARM.Collect$$libinit$$00000019  c_w.l(libinit2.o)
    0x08000242   0x00000000   Code   RO         3693    .ARM.Collect$$libinit$$0000001B  c_w.l(libinit2.o)
    0x08000242   0x00000000   Code   RO         3695    .ARM.Collect$$libinit$$0000001D  c_w.l(libinit2.o)
    0x08000242   0x00000000   Code   RO         3697    .ARM.Collect$$libinit$$0000001F  c_w.l(libinit2.o)
    0x08000242   0x00000000   Code   RO         3699    .ARM.Collect$$libinit$$00000021  c_w.l(libinit2.o)
    0x08000242   0x00000000   Code   RO         3701    .ARM.Collect$$libinit$$00000023  c_w.l(libinit2.o)
    0x08000242   0x00000000   Code   RO         3703    .ARM.Collect$$libinit$$00000025  c_w.l(libinit2.o)
    0x08000242   0x00000000   Code   RO         3707    .ARM.Collect$$libinit$$0000002C  c_w.l(libinit2.o)
    0x08000242   0x00000000   Code   RO         3709    .ARM.Collect$$libinit$$0000002E  c_w.l(libinit2.o)
    0x08000242   0x00000000   Code   RO         3711    .ARM.Collect$$libinit$$00000030  c_w.l(libinit2.o)
    0x08000242   0x00000000   Code   RO         3713    .ARM.Collect$$libinit$$00000032  c_w.l(libinit2.o)
    0x08000242   0x00000002   Code   RO         3714    .ARM.Collect$$libinit$$00000033  c_w.l(libinit2.o)
    0x08000244   0x00000002   Code   RO         3745    .ARM.Collect$$libshutdown$$00000000  c_w.l(libshutdown.o)
    0x08000246   0x00000000   Code   RO         3771    .ARM.Collect$$libshutdown$$00000002  c_w.l(libshutdown2.o)
    0x08000246   0x00000000   Code   RO         3773    .ARM.Collect$$libshutdown$$00000004  c_w.l(libshutdown2.o)
    0x08000246   0x00000000   Code   RO         3776    .ARM.Collect$$libshutdown$$00000007  c_w.l(libshutdown2.o)
    0x08000246   0x00000000   Code   RO         3779    .ARM.Collect$$libshutdown$$0000000A  c_w.l(libshutdown2.o)
    0x08000246   0x00000000   Code   RO         3781    .ARM.Collect$$libshutdown$$0000000C  c_w.l(libshutdown2.o)
    0x08000246   0x00000000   Code   RO         3784    .ARM.Collect$$libshutdown$$0000000F  c_w.l(libshutdown2.o)
    0x08000246   0x00000002   Code   RO         3785    .ARM.Collect$$libshutdown$$00000010  c_w.l(libshutdown2.o)
    0x08000248   0x00000000   Code   RO         3623    .ARM.Collect$$rtentry$$00000000  c_w.l(__rtentry.o)
    0x08000248   0x00000000   Code   RO         3629    .ARM.Collect$$rtentry$$00000002  c_w.l(__rtentry2.o)
    0x08000248   0x00000006   Code   RO         3641    .ARM.Collect$$rtentry$$00000004  c_w.l(__rtentry4.o)
    0x0800024e   0x00000000   Code   RO         3631    .ARM.Collect$$rtentry$$00000009  c_w.l(__rtentry2.o)
    0x0800024e   0x00000004   Code   RO         3632    .ARM.Collect$$rtentry$$0000000A  c_w.l(__rtentry2.o)
    0x08000252   0x00000000   Code   RO         3634    .ARM.Collect$$rtentry$$0000000C  c_w.l(__rtentry2.o)
    0x08000252   0x00000008   Code   RO         3635    .ARM.Collect$$rtentry$$0000000D  c_w.l(__rtentry2.o)
    0x0800025a   0x00000002   Code   RO         3662    .ARM.Collect$$rtexit$$00000000  c_w.l(rtexit.o)
    0x0800025c   0x00000000   Code   RO         3718    .ARM.Collect$$rtexit$$00000002  c_w.l(rtexit2.o)
    0x0800025c   0x00000004   Code   RO         3719    .ARM.Collect$$rtexit$$00000003  c_w.l(rtexit2.o)
    0x08000260   0x00000006   Code   RO         3720    .ARM.Collect$$rtexit$$00000004  c_w.l(rtexit2.o)
    0x08000266   0x00000002   PAD
    0x08000268   0x00000040   Code   RO         3572  * .text               startup_stm32f746xx.o
    0x080002a8   0x00000064   Code   RO         3617    .text               c_w.l(rt_memcpy_w.o)
    0x0800030c   0x00000006   Code   RO         3619    .text               c_w.l(heapauxi.o)
    0x08000312   0x0000004a   Code   RO         3645    .text               c_w.l(sys_stackheap_outer.o)
    0x0800035c   0x00000012   Code   RO         3647    .text               c_w.l(exit.o)
    0x0800036e   0x00000002   PAD
    0x08000370   0x00000008   Code   RO         3659    .text               c_w.l(libspace.o)
    0x08000378   0x0000000c   Code   RO         3715    .text               c_w.l(sys_exit.o)
    0x08000384   0x00000002   Code   RO         3734    .text               c_w.l(use_no_semi.o)
    0x08000386   0x00000000   Code   RO         3736    .text               c_w.l(indicate_semi.o)
    0x08000386   0x00000002   PAD
    0x08000388   0x0000008c   Code   RO          713    i.BSP_SDRAM_Init    stm32746g_discovery_sdram.o
    0x08000414   0x00000098   Code   RO          714    i.BSP_SDRAM_Initialization_sequence  stm32746g_discovery_sdram.o
    0x080004ac   0x000001c8   Code   RO          716    i.BSP_SDRAM_MspInit  stm32746g_discovery_sdram.o
    0x08000674   0x0000022c   Code   RO          795    i.BSP_TS_GetState   stm32746g_discovery_ts.o
    0x080008a0   0x00000070   Code   RO          796    i.BSP_TS_Get_GestureId  stm32746g_discovery_ts.o
    0x08000910   0x00000064   Code   RO          800    i.BSP_TS_Init       stm32746g_discovery_ts.o
    0x08000974   0x0000008c   Code   RO          345    i.ButtonDimensionsInit  glcd_driver.o
    0x08000a00   0x00000034   Code   RO         1653    i.DMA_CalcBaseAndBitshift  stm32f7xx_hal_dma.o
    0x08000a34   0x000000aa   Code   RO         1654    i.DMA_CheckFifoParam  stm32f7xx_hal_dma.o
    0x08000ade   0x00000002   PAD
    0x08000ae0   0x00000020   Code   RO          260    i.DelayInit         tim2_delay.o
    0x08000b00   0x00000074   Code   RO         3437    i.FMC_SDRAM_Init    stm32f7xx_ll_fmc.o
    0x08000b74   0x0000000e   Code   RO         3438    i.FMC_SDRAM_ProgramRefreshRate  stm32f7xx_ll_fmc.o
    0x08000b82   0x00000026   Code   RO         3439    i.FMC_SDRAM_SendCommand  stm32f7xx_ll_fmc.o
    0x08000ba8   0x0000009c   Code   RO         3441    i.FMC_SDRAM_Timing_Init  stm32f7xx_ll_fmc.o
    0x08000c44   0x00000024   Code   RO          874    i.GLCD_ClearScreen  glcd_746g_discovery.o
    0x08000c68   0x000000d8   Code   RO          877    i.GLCD_DrawChar     glcd_746g_discovery.o
    0x08000d40   0x0000002c   Code   RO          878    i.GLCD_DrawHLine    glcd_746g_discovery.o
    0x08000d6c   0x00000036   Code   RO          880    i.GLCD_DrawRectangle  glcd_746g_discovery.o
    0x08000da2   0x00000002   PAD
    0x08000da4   0x0000002c   Code   RO          881    i.GLCD_DrawString   glcd_746g_discovery.o
    0x08000dd0   0x00000030   Code   RO          882    i.GLCD_DrawVLine    glcd_746g_discovery.o
    0x08000e00   0x00000218   Code   RO          885    i.GLCD_Initialize   glcd_746g_discovery.o
    0x08001018   0x00000010   Code   RO          886    i.GLCD_SetBackgroundColor  glcd_746g_discovery.o
    0x08001028   0x00000010   Code   RO          887    i.GLCD_SetFont      glcd_746g_discovery.o
    0x08001038   0x00000010   Code   RO          888    i.GLCD_SetForegroundColor  glcd_746g_discovery.o
    0x08001048   0x00000070   Code   RO          186    i.GPIOInitPin       gpio_driver.o
    0x080010b8   0x000001dc   Code   RO          346    i.GetTouchPositionFlags  glcd_driver.o
    0x08001294   0x0000006e   Code   RO         1658    i.HAL_DMA_DeInit    stm32f7xx_hal_dma.o
    0x08001302   0x00000002   PAD
    0x08001304   0x000000ec   Code   RO         1662    i.HAL_DMA_Init      stm32f7xx_hal_dma.o
    0x080013f0   0x0000001e   Code   RO         1050    i.HAL_Delay         stm32f7xx_hal.o
    0x0800140e   0x00000002   PAD
    0x08001410   0x00000218   Code   RO         1803    i.HAL_GPIO_Init     stm32f7xx_hal_gpio.o
    0x08001628   0x0000000c   Code   RO         1807    i.HAL_GPIO_WritePin  stm32f7xx_hal_gpio.o
    0x08001634   0x0000000c   Code   RO         1058    i.HAL_GetTick       stm32f7xx_hal.o
    0x08001640   0x0000003c   Code   RO         1868    i.HAL_I2C_DeInit    stm32f7xx_hal_i2c.o
    0x0800167c   0x00000008   Code   RO         1876    i.HAL_I2C_GetState  stm32f7xx_hal_i2c.o
    0x08001684   0x000000c4   Code   RO         1877    i.HAL_I2C_Init      stm32f7xx_hal_i2c.o
    0x08001748   0x000001bc   Code   RO         1893    i.HAL_I2C_Mem_Read  stm32f7xx_hal_i2c.o
    0x08001904   0x000001b8   Code   RO         1896    i.HAL_I2C_Mem_Write  stm32f7xx_hal_i2c.o
    0x08001abc   0x00000002   Code   RO         1899    i.HAL_I2C_MspDeInit  stm32f7xx_hal_i2c.o
    0x08001abe   0x00000002   Code   RO         1900    i.HAL_I2C_MspInit   stm32f7xx_hal_i2c.o
    0x08001ac0   0x0000005e   Code   RO         2327    i.HAL_LTDC_ConfigLayer  stm32f7xx_hal_ltdc.o
    0x08001b1e   0x00000002   PAD
    0x08001b20   0x00000128   Code   RO         2344    i.HAL_LTDC_Init     stm32f7xx_hal_ltdc.o
    0x08001c48   0x00000002   Code   RO         2347    i.HAL_LTDC_MspInit  stm32f7xx_hal_ltdc.o
    0x08001c4a   0x00000020   Code   RO         1518    i.HAL_NVIC_EnableIRQ  stm32f7xx_hal_cortex.o
    0x08001c6a   0x0000007c   Code   RO         1524    i.HAL_NVIC_SetPriority  stm32f7xx_hal_cortex.o
    0x08001ce6   0x00000002   PAD
    0x08001ce8   0x000006e0   Code   RO         2923    i.HAL_RCCEx_PeriphCLKConfig  stm32f7xx_hal_rcc_ex.o
    0x080023c8   0x00000040   Code   RO         2983    i.HAL_SDRAM_Init    stm32f7xx_hal_sdram.o
    0x08002408   0x00000002   Code   RO         2985    i.HAL_SDRAM_MspInit  stm32f7xx_hal_sdram.o
    0x0800240a   0x00000028   Code   RO         2986    i.HAL_SDRAM_ProgramRefreshRate  stm32f7xx_hal_sdram.o
    0x08002432   0x0000003a   Code   RO         2992    i.HAL_SDRAM_SendCommand  stm32f7xx_hal_sdram.o
    0x0800246c   0x00000028   Code   RO         1919    i.I2C_Flush_TXDR    stm32f7xx_hal_i2c.o
    0x08002494   0x0000008c   Code   RO         1927    i.I2C_IsAcknowledgeFailed  stm32f7xx_hal_i2c.o
    0x08002520   0x00000090   Code   RO         1930    i.I2C_RequestMemoryRead  stm32f7xx_hal_i2c.o
    0x080025b0   0x00000090   Code   RO         1931    i.I2C_RequestMemoryWrite  stm32f7xx_hal_i2c.o
    0x08002640   0x00000034   Code   RO         1934    i.I2C_TransferConfig  stm32f7xx_hal_i2c.o
    0x08002674   0x00000056   Code   RO         1935    i.I2C_WaitOnFlagUntilTimeout  stm32f7xx_hal_i2c.o
    0x080026ca   0x00000056   Code   RO         1937    i.I2C_WaitOnSTOPFlagUntilTimeout  stm32f7xx_hal_i2c.o
    0x08002720   0x0000005a   Code   RO         1938    i.I2C_WaitOnTXISFlagUntilTimeout  stm32f7xx_hal_i2c.o
    0x0800277a   0x00000014   Code   RO          512    i.I2Cx_Error        stm32746g_discovery.o
    0x0800278e   0x00000002   PAD
    0x08002790   0x00000050   Code   RO          513    i.I2Cx_Init         stm32746g_discovery.o
    0x080027e0   0x00000164   Code   RO          515    i.I2Cx_MspInit      stm32746g_discovery.o
    0x08002944   0x0000003a   Code   RO          516    i.I2Cx_ReadMultiple  stm32746g_discovery.o
    0x0800297e   0x0000003a   Code   RO          517    i.I2Cx_WriteMultiple  stm32746g_discovery.o
    0x080029b8   0x00000212   Code   RO         2363    i.LTDC_SetConfig    stm32f7xx_hal_ltdc.o
    0x08002bca   0x00000002   PAD
    0x08002bcc   0x00000038   Code   RO          302    i.ReceiveFile       uart6_driver.o
    0x08002c04   0x00000174   Code   RO          347    i.RefreshDisplay    glcd_driver.o
    0x08002d78   0x00000048   Code   RO          348    i.SelectButton      glcd_driver.o
    0x08002dc0   0x00000040   Code   RO          224    i.SendFileTransferCmd  tx_control.o
    0x08002e00   0x00000050   Code   RO          225    i.SendStartWord     tx_control.o
    0x08002e50   0x0000005c   Code   RO          226    i.Send_Byte         tx_control.o
    0x08002eac   0x00000064   Code   RO         3580    i.SystemInit        system_stm32f7xx.o
    0x08002f10   0x0000001e   Code   RO          261    i.TIM2Delay         tim2_delay.o
    0x08002f2e   0x0000000a   Code   RO          263    i.TIM2Reset         tim2_delay.o
    0x08002f38   0x0000000c   Code   RO          518    i.TS_IO_Delay       stm32746g_discovery.o
    0x08002f44   0x00000010   Code   RO          519    i.TS_IO_Init        stm32746g_discovery.o
    0x08002f54   0x00000028   Code   RO          520    i.TS_IO_Read        stm32746g_discovery.o
    0x08002f7c   0x00000024   Code   RO          521    i.TS_IO_Write       stm32746g_discovery.o
    0x08002fa0   0x0000003c   Code   RO         1007    i.Touch_GetState    touch_746g_discovery.o
    0x08002fdc   0x0000001c   Code   RO         1008    i.Touch_Initialize  touch_746g_discovery.o
    0x08002ff8   0x000000b4   Code   RO          303    i.UART6_Init        uart6_driver.o
    0x080030ac   0x00000024   Code   RO            4    i.USART6_IRQHandler  main.o
    0x080030d0   0x00000010   Code   RO         1531    i.__NVIC_GetPriorityGrouping  stm32f7xx_hal_cortex.o
    0x080030e0   0x00000028   Code   RO         1532    i.__NVIC_SetPriority  stm32f7xx_hal_cortex.o
    0x08003108   0x0000000c   Code   RO          383    i.ft5336_Get_I2C_InitializedStatus  ft5336.o
    0x08003114   0x00000018   Code   RO          384    i.ft5336_I2C_InitializeIfRequired  ft5336.o
    0x0800312c   0x00000010   Code   RO          385    i.ft5336_Init       ft5336.o
    0x0800313c   0x0000003a   Code   RO          386    i.ft5336_ReadID     ft5336.o
    0x08003176   0x00000002   Code   RO          387    i.ft5336_Reset      ft5336.o
    0x08003178   0x00000002   Code   RO          388    i.ft5336_TS_ClearIT  ft5336.o
    0x0800317a   0x00000006   Code   RO          389    i.ft5336_TS_Configure  ft5336.o
    0x08003180   0x00000040   Code   RO          390    i.ft5336_TS_DetectTouch  ft5336.o
    0x080031c0   0x00000014   Code   RO          391    i.ft5336_TS_DisableIT  ft5336.o
    0x080031d4   0x00000014   Code   RO          392    i.ft5336_TS_EnableIT  ft5336.o
    0x080031e8   0x0000001c   Code   RO          393    i.ft5336_TS_GetGestureID  ft5336.o
    0x08003204   0x00000108   Code   RO          394    i.ft5336_TS_GetTouchInfo  ft5336.o
    0x0800330c   0x00000164   Code   RO          395    i.ft5336_TS_GetXY   ft5336.o
    0x08003470   0x00000006   Code   RO          396    i.ft5336_TS_ITStatus  ft5336.o
    0x08003476   0x00000016   Code   RO          397    i.ft5336_TS_Start   ft5336.o
    0x0800348c   0x00000218   Code   RO            5    i.main              main.o
    0x080036a4   0x0000000a   Code   RO         3730    x$fpl$fpinit        fz_wm.l(fpinit.o)
    0x080036ae   0x00000002   PAD
    0x080036b0   0x00000030   Data   RO          188    .constdata          gpio_driver.o
    0x080036e0   0x00000018   Data   RO          349    .constdata          glcd_driver.o
    0x080036f8   0x000018a0   Data   RO          995    .constdata          glcd_fonts.o
    0x08004f98   0x00000008   Data   RO         1668    .constdata          stm32f7xx_hal_dma.o
    0x08004fa0   0x00000020   Data   RO         3786    Region$$Table       anon$$obj.o


    Execution Region ER_RW (Base: 0x20010000, Size: 0x00000090, Max: 0xffffffff, ABSOLUTE)

    Base Addr    Size         Type   Attr      Idx    E Section Name        Object

    0x20010000   0x0000000d   Data   RW            7    .data               main.o
    0x2001000d   0x00000001   PAD
    0x2001000e   0x00000031   Data   RW          350    .data               glcd_driver.o
    0x2001003f   0x00000001   PAD
    0x20010040   0x0000002e   Data   RW          398    .data               ft5336.o
    0x2001006e   0x00000002   Data   RW          723    .data               stm32746g_discovery_sdram.o
    0x20010070   0x0000000a   Data   RW          803    .data               stm32746g_discovery_ts.o
    0x2001007a   0x00000002   PAD
    0x2001007c   0x00000008   Data   RW          893    .data               glcd_746g_discovery.o
    0x20010084   0x00000009   Data   RW         1072    .data               stm32f7xx_hal.o


    Execution Region ER_ZI (Base: 0x20010090, Size: 0x000198e8, Max: 0xffffffff, ABSOLUTE)

    Base Addr    Size         Type   Attr      Idx    E Section Name        Object

    0x20010090   0x00019000   Zero   RW            6    .bss                main.o
    0x20029090   0x00000098   Zero   RW          522    .bss                stm32746g_discovery.o
    0x20029128   0x00000120   Zero   RW          722    .bss                stm32746g_discovery_sdram.o
    0x20029248   0x00000028   Zero   RW          802    .bss                stm32746g_discovery_ts.o
    0x20029270   0x000000a8   Zero   RW          892    .bss                glcd_746g_discovery.o
    0x20029318   0x00000060   Zero   RW         3660    .bss                c_w.l(libspace.o)
    0x20029378   0x00000200   Zero   RW         3570    HEAP                startup_stm32f746xx.o
    0x20029578   0x00000400   Zero   RW         3569    STACK               startup_stm32f746xx.o



  Load Region LR$$.ARM.__AT_0xC0000000 (Base: 0xc0000000, Size: 0x00000000, Max: 0x0003fc00, ABSOLUTE)

    Execution Region ER$$.ARM.__AT_0xC0000000 (Base: 0xc0000000, Size: 0x0003fc00, Max: 0x0003fc00, ABSOLUTE, UNINIT)

    Base Addr    Size         Type   Attr      Idx    E Section Name        Object

    0xc0000000   0x0003fc00   Zero   RW          891    .ARM.__AT_0xC0000000  glcd_746g_discovery.o


==============================================================================

Image component sizes


      Code (inc. data)   RO Data    RW Data    ZI Data      Debug   Object Name

       900         52          0         46          0      17895   ft5336.o
      1026        104          0          8     261288       9445   glcd_746g_discovery.o
      1060        154         24         49          0       3580   glcd_driver.o
         0          0       6304          0          0        792   glcd_fonts.o
       112          6         48          0          0       2050   gpio_driver.o
       572         60          0         13     102400     825990   main.o
        64         26        456          0       1536        872   startup_stm32f746xx.o
       676         48          0          0        152       8368   stm32746g_discovery.o
       748         66          0          2        288       4752   stm32746g_discovery_sdram.o
       768         62          0         10         40       5874   stm32746g_discovery_ts.o
        42          6          0          9          0       2361   stm32f7xx_hal.o
       212         14          0          0          0      38575   stm32f7xx_hal_cortex.o
       568         10          8          0          0       3772   stm32f7xx_hal_dma.o
       548         52          0          0          0       2584   stm32f7xx_hal_gpio.o
      1934         34          0          0          0      14608   stm32f7xx_hal_i2c.o
       922          6          0          0          0       3654   stm32f7xx_hal_ltdc.o
      1760         18          0          0          0       2320   stm32f7xx_hal_rcc_ex.o
       164          0          0          0          0       3532   stm32f7xx_hal_sdram.o
       324          4          0          0          0       3628   stm32f7xx_ll_fmc.o
       100         18          0          0          0        533   system_stm32f7xx.o
        72          6          0          0          0       1436   tim2_delay.o
        88          0          0          0          0       2100   touch_746g_discovery.o
       236         28          0          0          0       1678   tx_control.o
       236         30          0          0          0       2571   uart6_driver.o

    ----------------------------------------------------------------------
     13148        804       6872        144     365704     962970   Object Totals
         0          0         32          0          0          0   (incl. Generated)
        16          0          0          7          0          0   (incl. Padding)

    ----------------------------------------------------------------------

      Code (inc. data)   RO Data    RW Data    ZI Data      Debug   Library Member Name

         8          0          0          0          0         68   __main.o
         0          0          0          0          0          0   __rtentry.o
        12          0          0          0          0          0   __rtentry2.o
         6          0          0          0          0          0   __rtentry4.o
        52          8          0          0          0          0   __scatter.o
        26          0          0          0          0          0   __scatter_copy.o
        28          0          0          0          0          0   __scatter_zi.o
        18          0          0          0          0         80   exit.o
         6          0          0          0          0        152   heapauxi.o
         0          0          0          0          0          0   indicate_semi.o
         2          0          0          0          0          0   libinit.o
         6          0          0          0          0          0   libinit2.o
         2          0          0          0          0          0   libshutdown.o
         2          0          0          0          0          0   libshutdown2.o
         8          4          0          0         96         68   libspace.o
       100          0          0          0          0         80   rt_memcpy_w.o
         2          0          0          0          0          0   rtexit.o
        10          0          0          0          0          0   rtexit2.o
        12          4          0          0          0         68   sys_exit.o
        74          0          0          0          0         80   sys_stackheap_outer.o
         2          0          0          0          0         68   use_no_semi.o
        10          0          0          0          0        116   fpinit.o

    ----------------------------------------------------------------------
       396         16          0          0         96        780   Library Totals
        10          0          0          0          0          0   (incl. Padding)

    ----------------------------------------------------------------------

      Code (inc. data)   RO Data    RW Data    ZI Data      Debug   Library Name

       376         16          0          0         96        664   c_w.l
        10          0          0          0          0        116   fz_wm.l

    ----------------------------------------------------------------------
       396         16          0          0         96        780   Library Totals

    ----------------------------------------------------------------------

==============================================================================


      Code (inc. data)   RO Data    RW Data    ZI Data      Debug   

     13544        820       6872        144     365800     954242   Grand Totals
     13544        820       6872        144     365800     954242   ELF Image Totals
     13544        820       6872        144          0          0   ROM Totals

==============================================================================

    Total RO  Size (Code + RO Data)                20416 (  19.94kB)
    Total RW  Size (RW Data + ZI Data)            365944 ( 357.37kB)
    Total ROM Size (Code + RO Data + RW Data)      20560 (  20.08kB)

==============================================================================

